MPLINK 4.40, Linker
Linker Map File - Created Wed Feb 04 10:53:23 2015

                                 Section Info
                  Section       Type    Address   Location Size(Bytes)
                ---------  ---------  ---------  ---------  ---------
               _entry_scn       code   0x000000    program   0x000006
    REMAPPED_RESET_VECTOR       code   0x001000    program   0x000006
REMAPPED_HIGH_INTERRUPT_VECTOR       code   0x001008    program   0x000006
REMAPPED_LOW_INTERRUPT_VECTOR       code   0x001018    program   0x000006
                   .cinit    romdata   0x00102a    program   0x00000e
       .code_displayLCD.o       code   0x001038    program   0x000738
                     PROG       code   0x001770    program   0x000458
                   STDLIB       code   0x001bc8    program   0x000134
               _cinit_scn       code   0x001cfc    program   0x00009e
.code_pratica_01_LCD_EP18_mini.o       code   0x001d9a    program   0x000088
             .code_fabs.o       code   0x001e22    program   0x000066
             D10KTCYXCODE       code   0x001e88    program   0x00002e
              D1KTCYXCODE       code   0x001eb6    program   0x000020
                    .code       code   0x001ed6    program   0x000020
             _startup_scn       code   0x001ef6    program   0x00001c
             .stringtable    romdata   0x001f12    program   0x00000f
         .romdata_c018i.o    romdata   0x001f21    program   0x000000
.romdata_pratica_01_LCD_EP18_mini.o    romdata   0x001f21    program   0x000000
        .idata___init.o_i    romdata   0x001f21    program   0x000000
        .romdata___init.o    romdata   0x001f21    program   0x000000
          .idata_fabs.o_i    romdata   0x001f21    program   0x000000
          .romdata_fabs.o    romdata   0x001f21    program   0x000000
    .romdata_displayLCD.o    romdata   0x001f21    program   0x000000
    .idata_displayLCD.o_i    romdata   0x001f21    program   0x000000
         .idata_c018i.o_i    romdata   0x001f21    program   0x000000
            .code_c018i.o       code   0x001f22    program   0x000000
           .code___init.o       code   0x001f22    program   0x000002
.idata_pratica_01_LCD_EP18_mini.o_i    romdata   0x001f24    program   0x000011
                MATH_DATA      udata   0x000000       data   0x000014
                 .tmpdata      udata   0x000014       data   0x000008
                DELAYDAT2      udata   0x00001c       data   0x000001
                DELAYDAT1      udata   0x00001d       data   0x000001
.idata_pratica_01_LCD_EP18_mini.o      idata   0x000060       data   0x000011
           .udata_c018i.o      udata   0x000071       data   0x00000a
           .idata_c018i.o      idata   0x00007b       data   0x000000
      .udata_displayLCD.o      udata   0x00007b       data   0x000000
      .idata_displayLCD.o      idata   0x00007b       data   0x000000
.udata_pratica_01_LCD_EP18_mini.o      udata   0x00007b       data   0x000000
          .udata___init.o      udata   0x00007b       data   0x000000
          .idata___init.o      idata   0x00007b       data   0x000000
            .udata_fabs.o      udata   0x00007b       data   0x000000
            .idata_fabs.o      idata   0x00007b       data   0x000000
                   .stack      udata   0x000300       data   0x000100
            SFR_UNBANKED0      udata   0x000f62       data   0x00009e



                              Program Memory Usage 
                               Start         End      
                           ---------   ---------      
                            0x000000    0x000005      
                            0x001000    0x001005      
                            0x001008    0x00100d      
                            0x001018    0x00101d      
                            0x00102a    0x001f20      
                            0x001f22    0x001f34      
            3874 out of 33048 program addresses used, program memory utilization is 11%



                              Symbols - Sorted by Name
                     Name    Address   Location    Storage File                     
                ---------  ---------  ---------  --------- ---------                
     ConfiguraInterrupcao   0x001df0    program     extern C:\Users\Bruno\Dropbox\SEMPRA FLEX\Aulas em desenvolvimento\Microcontroladores\!Aula Display\18\Prática_01_E_P18_Mini.X\pratica_01_LCD_EP18_mini.c
             ConfiguraLCD   0x001038    program     extern C:\Users\Bruno\Dropbox\SEMPRA FLEX\Aulas em desenvolvimento\Microcontroladores\!Aula Display\18\Prática_01_E_P18_Mini.X\displayLCD.c
         ConfiguraSistema   0x001de6    program     extern C:\Users\Bruno\Dropbox\SEMPRA FLEX\Aulas em desenvolvimento\Microcontroladores\!Aula Display\18\Prática_01_E_P18_Mini.X\pratica_01_LCD_EP18_mini.c
         CriaCaractereLCD   0x0016b2    program     extern C:\Users\Bruno\Dropbox\SEMPRA FLEX\Aulas em desenvolvimento\Microcontroladores\!Aula Display\18\Prática_01_E_P18_Mini.X\displayLCD.c
                   D10K_1   0x001e94    program     static C:\MCC18\v3_39\src\traditional\delays\d10ktcyx.asm
                    D10Kl   0x001ea0    program     static C:\MCC18\v3_39\src\traditional\delays\d10ktcyx.asm
                    D10Kx   0x001e92    program     static C:\MCC18\v3_39\src\traditional\delays\d10ktcyx.asm
                    D1K_1   0x001ec2    program     static C:\MCC18\v3_39\src\traditional\delays\d1ktcyx.asm
                     D1Kx   0x001ec0    program     static C:\MCC18\v3_39\src\traditional\delays\d1ktcyx.asm
             Delay10KTCYx   0x001e88    program     extern C:\MCC18\v3_39\src\traditional\delays\d10ktcyx.asm
              Delay1KTCYx   0x001eb6    program     extern C:\MCC18\v3_39\src\traditional\delays\d1ktcyx.asm
           EnderecoCursor   0x0011c8    program     extern C:\Users\Bruno\Dropbox\SEMPRA FLEX\Aulas em desenvolvimento\Microcontroladores\!Aula Display\18\Prática_01_E_P18_Mini.X\displayLCD.c
      EscreveCaractereLCD   0x0012c4    program     extern C:\Users\Bruno\Dropbox\SEMPRA FLEX\Aulas em desenvolvimento\Microcontroladores\!Aula Display\18\Prática_01_E_P18_Mini.X\displayLCD.c
        EscreveComandoLCD   0x001110    program     extern C:\Users\Bruno\Dropbox\SEMPRA FLEX\Aulas em desenvolvimento\Microcontroladores\!Aula Display\18\Prática_01_E_P18_Mini.X\displayLCD.c
          EscreveFloatLCD   0x0013c2    program     extern C:\Users\Bruno\Dropbox\SEMPRA FLEX\Aulas em desenvolvimento\Microcontroladores\!Aula Display\18\Prática_01_E_P18_Mini.X\displayLCD.c
       EscreveFraseRamLCD   0x00162e    program     extern C:\Users\Bruno\Dropbox\SEMPRA FLEX\Aulas em desenvolvimento\Microcontroladores\!Aula Display\18\Prática_01_E_P18_Mini.X\displayLCD.c
       EscreveFraseRomLCD   0x00166e    program     extern C:\Users\Bruno\Dropbox\SEMPRA FLEX\Aulas em desenvolvimento\Microcontroladores\!Aula Display\18\Prática_01_E_P18_Mini.X\displayLCD.c
        EscreveInteiroLCD   0x00135c    program     extern C:\Users\Bruno\Dropbox\SEMPRA FLEX\Aulas em desenvolvimento\Microcontroladores\!Aula Display\18\Prática_01_E_P18_Mini.X\displayLCD.c
                 FLO1632S   0x001774    program     extern C:\MCC18\v3_39\src\traditional\math\cast16FP.asm
                 FLO1632U   0x001770    program     extern C:\MCC18\v3_39\src\traditional\math\cast16FP.asm
                    FPA32   0x001876    program     extern C:\MCC18\v3_39\src\traditional\math\addFP.asm
                    FPM32   0x00179a    program     extern C:\MCC18\v3_39\src\traditional\math\mulFP.asm
                    FPS32   0x001874    program     extern C:\MCC18\v3_39\src\traditional\math\addFP.asm
                  INT3216   0x0019a2    program     extern C:\MCC18\v3_39\src\traditional\math\castFP16.asm
                  OneByte   0x001cea    program     static C:\MCC18\v3_39\src\traditional\stdclib\itobcd.asm
         PosicaoCursorLCD   0x001258    program     extern C:\Users\Bruno\Dropbox\SEMPRA FLEX\Aulas em desenvolvimento\Microcontroladores\!Aula Display\18\Prática_01_E_P18_Mini.X\displayLCD.c
                ProcLower   0x001c9e    program     static C:\MCC18\v3_39\src\traditional\stdclib\itoa.asm
                ProcUpper   0x001c94    program     static C:\MCC18\v3_39\src\traditional\stdclib\itoa.asm
                  TALTB32   0x001a00    program     extern C:\MCC18\v3_39\src\traditional\math\ltFP.asm
Tratamento_High_Interrupt   0x001df2    program     extern C:\Users\Bruno\Dropbox\SEMPRA FLEX\Aulas em desenvolvimento\Microcontroladores\!Aula Display\18\Prática_01_E_P18_Mini.X\pratica_01_LCD_EP18_mini.c
 Tratamento_Low_Interrupt   0x001e00    program     extern C:\Users\Bruno\Dropbox\SEMPRA FLEX\Aulas em desenvolvimento\Microcontroladores\!Aula Display\18\Prática_01_E_P18_Mini.X\pratica_01_LCD_EP18_mini.c
                 TstLower   0x001c88    program     static C:\MCC18\v3_39\src\traditional\stdclib\itoa.asm
                 TstUpper   0x001c82    program     static C:\MCC18\v3_39\src\traditional\stdclib\itoa.asm
       _D10KTCYXCODE_0010   0x001e98    program     static C:\MCC18\v3_39\src\traditional\delays\d10ktcyx.asm
       _D10KTCYXCODE_001C   0x001ea4    program     static C:\MCC18\v3_39\src\traditional\delays\d10ktcyx.asm
        _D1KTCYXCODE_0010   0x001ec6    program     static C:\MCC18\v3_39\src\traditional\delays\d1ktcyx.asm
        _D1KTCYXCODE_0016   0x001ecc    program     static C:\MCC18\v3_39\src\traditional\delays\d1ktcyx.asm
              __FpCompare   0x001a12    program     extern C:\MCC18\v3_39\src\traditional\math\compFP.asm
                 __FpExit   0x001ac8    program     extern C:\MCC18\v3_39\src\traditional\math\packFP.asm
                 __FpPack   0x001af4    program     extern C:\MCC18\v3_39\src\traditional\math\packFP.asm
            __FpReturnNaN   0x001abc    program     extern C:\MCC18\v3_39\src\traditional\math\packFP.asm
         __FpReturnNegInf   0x001ace    program     extern C:\MCC18\v3_39\src\traditional\math\packFP.asm
        __FpReturnNegZero   0x001ae6    program     extern C:\MCC18\v3_39\src\traditional\math\packFP.asm
         __FpReturnPosInf   0x001ad4    program     extern C:\MCC18\v3_39\src\traditional\math\packFP.asm
        __FpReturnPosZero   0x001aee    program     extern C:\MCC18\v3_39\src\traditional\math\packFP.asm
        __FpReturnSignInf   0x001aca    program     extern C:\MCC18\v3_39\src\traditional\math\packFP.asm
       __FpReturnSignZero   0x001ae2    program     extern C:\MCC18\v3_39\src\traditional\math\packFP.asm
              __FpReturnW   0x001b4c    program     extern C:\MCC18\v3_39\src\traditional\math\packFP.asm
              __FpUnPackA   0x001b6c    program     extern C:\MCC18\v3_39\src\traditional\math\UnpackFP.asm
              __FpUnPackB   0x001b9c    program     extern C:\MCC18\v3_39\src\traditional\math\UnpackFP.asm
       ___return_lbl00000   0x000004    program     static                          
       ___return_lbl00001   0x001f10    program     static                          
       ___return_lbl00002   0x001d98    program     static                          
       ___return_lbl00007   0x001004    program     static                          
       ___return_lbl00008   0x00100c    program     static                          
       ___return_lbl00009   0x00101c    program     static                          
                   __init   0x001f22    program     extern C:\MCC18\v3_39\src\traditional\stdclib\__init.c
               __string_1   0x001f12    program     static C:\Users\Bruno\Dropbox\SEMPRA FLEX\Aulas em desenvolvimento\Microcontroladores\!Aula Display\18\Prática_01_E_P18_Mini.X\pratica_01_LCD_EP18_mini.c
            __zero_memory   0x001ed6    program     extern C:\MCC18\v3_39\src\traditional\proc\p18F4550.asm
                _do_cinit   0x001cfc    program     extern C:\MCC18\v3_39\src\traditional\startup\c018i.c
                   _entry   0x000000    program     extern C:\MCC18\v3_39\src\traditional\startup\c018i.c
                _high_ISR   0x001008    program     extern C:\Users\Bruno\Dropbox\SEMPRA FLEX\Aulas em desenvolvimento\Microcontroladores\!Aula Display\18\Prática_01_E_P18_Mini.X\pratica_01_LCD_EP18_mini.c
                 _low_ISR   0x001018    program     extern C:\Users\Bruno\Dropbox\SEMPRA FLEX\Aulas em desenvolvimento\Microcontroladores\!Aula Display\18\Prática_01_E_P18_Mini.X\pratica_01_LCD_EP18_mini.c
                   _reset   0x001000    program     extern C:\Users\Bruno\Dropbox\SEMPRA FLEX\Aulas em desenvolvimento\Microcontroladores\!Aula Display\18\Prática_01_E_P18_Mini.X\pratica_01_LCD_EP18_mini.c
                 _startup   0x001ef6    program     extern C:\MCC18\v3_39\src\traditional\startup\c018i.c
                compare_l   0x001eec    program     static C:\MCC18\v3_39\src\traditional\proc\p18F4550.asm
                copy_loop   0x001d6e    program     static                          
            copy_one_byte   0x001d74    program     static                          
                     done   0x001d98    program     static                          
             done_copying   0x001d82    program     static                          
                     fabs   0x001e22    program     extern C:\MCC18\v3_39\src\traditional\stdclib\fabs.c
                   itoBCD   0x001ca8    program     extern C:\MCC18\v3_39\src\traditional\stdclib\itobcd.asm
                     itoa   0x001bc8    program     extern C:\MCC18\v3_39\src\traditional\stdclib\itoa.asm
                 jANotInf   0x00189e    program     static C:\MCC18\v3_39\src\traditional\math\addFP.asm
                 jANotInf   0x0017b8    program     static C:\MCC18\v3_39\src\traditional\math\mulFP.asm
                 jANotNeg   0x001932    program     static C:\MCC18\v3_39\src\traditional\math\addFP.asm
              jAandWsetup   0x001902    program     static C:\MCC18\v3_39\src\traditional\math\addFP.asm
                  jAisNeg   0x001a8e    program     static C:\MCC18\v3_39\src\traditional\math\compFP.asm
                 jAltBexp   0x0018f0    program     static C:\MCC18\v3_39\src\traditional\math\addFP.asm
                jBANotInf   0x001894    program     static C:\MCC18\v3_39\src\traditional\math\addFP.asm
                 jBNotInf   0x0018ac    program     static C:\MCC18\v3_39\src\traditional\math\addFP.asm
              jBothFinite   0x0017c6    program     static C:\MCC18\v3_39\src\traditional\math\mulFP.asm
             jBothNotZero   0x0017d2    program     static C:\MCC18\v3_39\src\traditional\math\mulFP.asm
             jBothNotZero   0x001a30    program     static C:\MCC18\v3_39\src\traditional\math\compFP.asm
            jDifOrPosSign   0x0018c0    program     static C:\MCC18\v3_39\src\traditional\math\addFP.asm
                     jDo1   0x001c4e    program     static C:\MCC18\v3_39\src\traditional\stdclib\itoa.asm
                     jDo2   0x001c4a    program     static C:\MCC18\v3_39\src\traditional\stdclib\itoa.asm
                     jDo3   0x001c46    program     static C:\MCC18\v3_39\src\traditional\stdclib\itoa.asm
                     jDo4   0x001c42    program     static C:\MCC18\v3_39\src\traditional\stdclib\itoa.asm
                     jDo5   0x001c3e    program     static C:\MCC18\v3_39\src\traditional\stdclib\itoa.asm
                      jEQ   0x001a4c    program     static C:\MCC18\v3_39\src\traditional\math\compFP.asm
                     jEnd   0x001ce6    program     static C:\MCC18\v3_39\src\traditional\stdclib\itobcd.asm
                    jExch   0x001a58    program     static C:\MCC18\v3_39\src\traditional\math\compFP.asm
                    jExit   0x0019fe    program     static C:\MCC18\v3_39\src\traditional\math\castFP16.asm
                   jExpEQ   0x001a9e    program     static C:\MCC18\v3_39\src\traditional\math\compFP.asm
                   jFinal   0x001a82    program     static C:\MCC18\v3_39\src\traditional\math\compFP.asm
               jFinalSign   0x00199a    program     static C:\MCC18\v3_39\src\traditional\math\addFP.asm
                jHaveZero   0x0017ce    program     static C:\MCC18\v3_39\src\traditional\math\mulFP.asm
                jI2F16Beg   0x001784    program     static C:\MCC18\v3_39\src\traditional\math\cast16FP.asm
                    jLoop   0x001cc0    program     static C:\MCC18\v3_39\src\traditional\stdclib\itobcd.asm
                    jLoop   0x0019de    program     static C:\MCC18\v3_39\src\traditional\math\castFP16.asm
                jLoopExit   0x0019ee    program     static C:\MCC18\v3_39\src\traditional\math\castFP16.asm
                     jMax   0x0019b2    program     static C:\MCC18\v3_39\src\traditional\math\castFP16.asm
                  jMaxNeg   0x0019c0    program     static C:\MCC18\v3_39\src\traditional\math\castFP16.asm
                  jMaxPos   0x0019b6    program     static C:\MCC18\v3_39\src\traditional\math\castFP16.asm
                      jNE   0x001a50    program     static C:\MCC18\v3_39\src\traditional\math\compFP.asm
                  jNoExch   0x001a78    program     static C:\MCC18\v3_39\src\traditional\math\compFP.asm
             jNotBothZero   0x0018c4    program     static C:\MCC18\v3_39\src\traditional\math\addFP.asm
                  jNotInf   0x0019ce    program     static C:\MCC18\v3_39\src\traditional\math\castFP16.asm
                  jPkLoop   0x001b02    program     static C:\MCC18\v3_39\src\traditional\math\packFP.asm
             jPkRoundDone   0x001b4c    program     static C:\MCC18\v3_39\src\traditional\math\packFP.asm
               jPkRoundIt   0x001b34    program     static C:\MCC18\v3_39\src\traditional\math\packFP.asm
             jPkShiftDone   0x001b1e    program     static C:\MCC18\v3_39\src\traditional\math\packFP.asm
           jReturnPosInf0   0x001ad8    program     static C:\MCC18\v3_39\src\traditional\math\packFP.asm
                  jRotate   0x001aaa    program     static C:\MCC18\v3_39\src\traditional\math\compFP.asm
                   jShift   0x001a94    program     static C:\MCC18\v3_39\src\traditional\math\compFP.asm
               jShiftDone   0x00195a    program     static C:\MCC18\v3_39\src\traditional\math\addFP.asm
               jShiftLoop   0x00194c    program     static C:\MCC18\v3_39\src\traditional\math\addFP.asm
                jSignDone   0x00198a    program     static C:\MCC18\v3_39\src\traditional\math\addFP.asm
                 jSignsEQ   0x001a34    program     static C:\MCC18\v3_39\src\traditional\math\compFP.asm
                jTstLowZ1   0x001c92    program     static C:\MCC18\v3_39\src\traditional\stdclib\itoa.asm
                jTstSign1   0x001bf4    program     static C:\MCC18\v3_39\src\traditional\stdclib\itoa.asm
                  jUnpkA1   0x001b76    program     static C:\MCC18\v3_39\src\traditional\math\UnpackFP.asm
                  jUnpkA2   0x001b8e    program     static C:\MCC18\v3_39\src\traditional\math\UnpackFP.asm
                 jUnpkANZ   0x001b84    program     static C:\MCC18\v3_39\src\traditional\math\UnpackFP.asm
                  jUnpkB1   0x001ba6    program     static C:\MCC18\v3_39\src\traditional\math\UnpackFP.asm
                  jUnpkB2   0x001bbe    program     static C:\MCC18\v3_39\src\traditional\math\UnpackFP.asm
                 jUnpkBNZ   0x001bb4    program     static C:\MCC18\v3_39\src\traditional\math\UnpackFP.asm
                 jUnpkNaN   0x001b98    program     static C:\MCC18\v3_39\src\traditional\math\UnpackFP.asm
                 jWNotNeg   0x001946    program     static C:\MCC18\v3_39\src\traditional\math\addFP.asm
                    jZero   0x0019c8    program     static C:\MCC18\v3_39\src\traditional\math\castFP16.asm
               jZero1and2   0x001adc    program     static C:\MCC18\v3_39\src\traditional\math\packFP.asm
                     loop   0x001f06    program     static                          
                   loop_h   0x001ee4    program     static C:\MCC18\v3_39\src\traditional\proc\p18F4550.asm
                   loop_l   0x001eee    program     static C:\MCC18\v3_39\src\traditional\proc\p18F4550.asm
                     main   0x001d9a    program     extern C:\Users\Bruno\Dropbox\SEMPRA FLEX\Aulas em desenvolvimento\Microcontroladores\!Aula Display\18\Prática_01_E_P18_Mini.X\pratica_01_LCD_EP18_mini.c
                     test   0x001d16    program     static                          
               zero_block   0x001ee4    program     static C:\MCC18\v3_39\src\traditional\proc\p18F4550.asm
                   ADCON0   0x000fc2       data     extern C:\MCC18\v3_39\src\traditional\proc\p18F4550.asm
               ADCON0bits   0x000fc2       data     extern C:\MCC18\v3_39\src\traditional\proc\p18F4550.asm
                   ADCON1   0x000fc1       data     extern C:\MCC18\v3_39\src\traditional\proc\p18F4550.asm
               ADCON1bits   0x000fc1       data     extern C:\MCC18\v3_39\src\traditional\proc\p18F4550.asm
                   ADCON2   0x000fc0       data     extern C:\MCC18\v3_39\src\traditional\proc\p18F4550.asm
               ADCON2bits   0x000fc0       data     extern C:\MCC18\v3_39\src\traditional\proc\p18F4550.asm
                    ADRES   0x000fc3       data     extern C:\MCC18\v3_39\src\traditional\proc\p18F4550.asm
                   ADRESH   0x000fc4       data     extern C:\MCC18\v3_39\src\traditional\proc\p18F4550.asm
                   ADRESL   0x000fc3       data     extern C:\MCC18\v3_39\src\traditional\proc\p18F4550.asm
                  BAUDCON   0x000fb8       data     extern C:\MCC18\v3_39\src\traditional\proc\p18F4550.asm
              BAUDCONbits   0x000fb8       data     extern C:\MCC18\v3_39\src\traditional\proc\p18F4550.asm
                  BAUDCTL   0x000fb8       data     extern C:\MCC18\v3_39\src\traditional\proc\p18F4550.asm
              BAUDCTLbits   0x000fb8       data     extern C:\MCC18\v3_39\src\traditional\proc\p18F4550.asm
                      BSR   0x000fe0       data     extern C:\MCC18\v3_39\src\traditional\proc\p18F4550.asm
                   CCP1AS   0x000fb6       data     extern C:\MCC18\v3_39\src\traditional\proc\p18F4550.asm
               CCP1ASbits   0x000fb6       data     extern C:\MCC18\v3_39\src\traditional\proc\p18F4550.asm
                  CCP1CON   0x000fbd       data     extern C:\MCC18\v3_39\src\traditional\proc\p18F4550.asm
              CCP1CONbits   0x000fbd       data     extern C:\MCC18\v3_39\src\traditional\proc\p18F4550.asm
                  CCP1DEL   0x000fb7       data     extern C:\MCC18\v3_39\src\traditional\proc\p18F4550.asm
              CCP1DELbits   0x000fb7       data     extern C:\MCC18\v3_39\src\traditional\proc\p18F4550.asm
                  CCP2CON   0x000fba       data     extern C:\MCC18\v3_39\src\traditional\proc\p18F4550.asm
              CCP2CONbits   0x000fba       data     extern C:\MCC18\v3_39\src\traditional\proc\p18F4550.asm
                    CCPR1   0x000fbe       data     extern C:\MCC18\v3_39\src\traditional\proc\p18F4550.asm
                   CCPR1H   0x000fbf       data     extern C:\MCC18\v3_39\src\traditional\proc\p18F4550.asm
                   CCPR1L   0x000fbe       data     extern C:\MCC18\v3_39\src\traditional\proc\p18F4550.asm
                    CCPR2   0x000fbb       data     extern C:\MCC18\v3_39\src\traditional\proc\p18F4550.asm
                   CCPR2H   0x000fbc       data     extern C:\MCC18\v3_39\src\traditional\proc\p18F4550.asm
                   CCPR2L   0x000fbb       data     extern C:\MCC18\v3_39\src\traditional\proc\p18F4550.asm
                    CMCON   0x000fb4       data     extern C:\MCC18\v3_39\src\traditional\proc\p18F4550.asm
                CMCONbits   0x000fb4       data     extern C:\MCC18\v3_39\src\traditional\proc\p18F4550.asm
                   CVRCON   0x000fb5       data     extern C:\MCC18\v3_39\src\traditional\proc\p18F4550.asm
               CVRCONbits   0x000fb5       data     extern C:\MCC18\v3_39\src\traditional\proc\p18F4550.asm
                     DDRA   0x000f92       data     extern C:\MCC18\v3_39\src\traditional\proc\p18F4550.asm
                 DDRAbits   0x000f92       data     extern C:\MCC18\v3_39\src\traditional\proc\p18F4550.asm
                     DDRB   0x000f93       data     extern C:\MCC18\v3_39\src\traditional\proc\p18F4550.asm
                 DDRBbits   0x000f93       data     extern C:\MCC18\v3_39\src\traditional\proc\p18F4550.asm
                     DDRC   0x000f94       data     extern C:\MCC18\v3_39\src\traditional\proc\p18F4550.asm
                 DDRCbits   0x000f94       data     extern C:\MCC18\v3_39\src\traditional\proc\p18F4550.asm
                     DDRD   0x000f95       data     extern C:\MCC18\v3_39\src\traditional\proc\p18F4550.asm
                 DDRDbits   0x000f95       data     extern C:\MCC18\v3_39\src\traditional\proc\p18F4550.asm
                     DDRE   0x000f96       data     extern C:\MCC18\v3_39\src\traditional\proc\p18F4550.asm
                 DDREbits   0x000f96       data     extern C:\MCC18\v3_39\src\traditional\proc\p18F4550.asm
            DelayCounter1   0x00001d       data     extern C:\MCC18\v3_39\src\traditional\delays\delayd1.asm
            DelayCounter2   0x00001c       data     extern C:\MCC18\v3_39\src\traditional\delays\delayd2.asm
                  ECCP1AS   0x000fb6       data     extern C:\MCC18\v3_39\src\traditional\proc\p18F4550.asm
              ECCP1ASbits   0x000fb6       data     extern C:\MCC18\v3_39\src\traditional\proc\p18F4550.asm
                 ECCP1CON   0x000fbd       data     extern C:\MCC18\v3_39\src\traditional\proc\p18F4550.asm
             ECCP1CONbits   0x000fbd       data     extern C:\MCC18\v3_39\src\traditional\proc\p18F4550.asm
                 ECCP1DEL   0x000fb7       data     extern C:\MCC18\v3_39\src\traditional\proc\p18F4550.asm
             ECCP1DELbits   0x000fb7       data     extern C:\MCC18\v3_39\src\traditional\proc\p18F4550.asm
                    EEADR   0x000fa9       data     extern C:\MCC18\v3_39\src\traditional\proc\p18F4550.asm
                   EECON1   0x000fa6       data     extern C:\MCC18\v3_39\src\traditional\proc\p18F4550.asm
               EECON1bits   0x000fa6       data     extern C:\MCC18\v3_39\src\traditional\proc\p18F4550.asm
                   EECON2   0x000fa7       data     extern C:\MCC18\v3_39\src\traditional\proc\p18F4550.asm
                   EEDATA   0x000fa8       data     extern C:\MCC18\v3_39\src\traditional\proc\p18F4550.asm
                     FSR0   0x000fe9       data     extern C:\MCC18\v3_39\src\traditional\proc\p18F4550.asm
                    FSR0H   0x000fea       data     extern C:\MCC18\v3_39\src\traditional\proc\p18F4550.asm
                    FSR0L   0x000fe9       data     extern C:\MCC18\v3_39\src\traditional\proc\p18F4550.asm
                     FSR1   0x000fe1       data     extern C:\MCC18\v3_39\src\traditional\proc\p18F4550.asm
                    FSR1H   0x000fe2       data     extern C:\MCC18\v3_39\src\traditional\proc\p18F4550.asm
                    FSR1L   0x000fe1       data     extern C:\MCC18\v3_39\src\traditional\proc\p18F4550.asm
                     FSR2   0x000fd9       data     extern C:\MCC18\v3_39\src\traditional\proc\p18F4550.asm
                    FSR2H   0x000fda       data     extern C:\MCC18\v3_39\src\traditional\proc\p18F4550.asm
                    FSR2L   0x000fd9       data     extern C:\MCC18\v3_39\src\traditional\proc\p18F4550.asm
                  HLVDCON   0x000fd2       data     extern C:\MCC18\v3_39\src\traditional\proc\p18F4550.asm
              HLVDCONbits   0x000fd2       data     extern C:\MCC18\v3_39\src\traditional\proc\p18F4550.asm
                    INDF0   0x000fef       data     extern C:\MCC18\v3_39\src\traditional\proc\p18F4550.asm
                    INDF1   0x000fe7       data     extern C:\MCC18\v3_39\src\traditional\proc\p18F4550.asm
                    INDF2   0x000fdf       data     extern C:\MCC18\v3_39\src\traditional\proc\p18F4550.asm
                   INTCON   0x000ff2       data     extern C:\MCC18\v3_39\src\traditional\proc\p18F4550.asm
                  INTCON2   0x000ff1       data     extern C:\MCC18\v3_39\src\traditional\proc\p18F4550.asm
              INTCON2bits   0x000ff1       data     extern C:\MCC18\v3_39\src\traditional\proc\p18F4550.asm
                  INTCON3   0x000ff0       data     extern C:\MCC18\v3_39\src\traditional\proc\p18F4550.asm
              INTCON3bits   0x000ff0       data     extern C:\MCC18\v3_39\src\traditional\proc\p18F4550.asm
               INTCONbits   0x000ff2       data     extern C:\MCC18\v3_39\src\traditional\proc\p18F4550.asm
                     IPR1   0x000f9f       data     extern C:\MCC18\v3_39\src\traditional\proc\p18F4550.asm
                 IPR1bits   0x000f9f       data     extern C:\MCC18\v3_39\src\traditional\proc\p18F4550.asm
                     IPR2   0x000fa2       data     extern C:\MCC18\v3_39\src\traditional\proc\p18F4550.asm
                 IPR2bits   0x000fa2       data     extern C:\MCC18\v3_39\src\traditional\proc\p18F4550.asm
                     LATA   0x000f89       data     extern C:\MCC18\v3_39\src\traditional\proc\p18F4550.asm
                 LATAbits   0x000f89       data     extern C:\MCC18\v3_39\src\traditional\proc\p18F4550.asm
                     LATB   0x000f8a       data     extern C:\MCC18\v3_39\src\traditional\proc\p18F4550.asm
                 LATBbits   0x000f8a       data     extern C:\MCC18\v3_39\src\traditional\proc\p18F4550.asm
                     LATC   0x000f8b       data     extern C:\MCC18\v3_39\src\traditional\proc\p18F4550.asm
                 LATCbits   0x000f8b       data     extern C:\MCC18\v3_39\src\traditional\proc\p18F4550.asm
                     LATD   0x000f8c       data     extern C:\MCC18\v3_39\src\traditional\proc\p18F4550.asm
                 LATDbits   0x000f8c       data     extern C:\MCC18\v3_39\src\traditional\proc\p18F4550.asm
                     LATE   0x000f8d       data     extern C:\MCC18\v3_39\src\traditional\proc\p18F4550.asm
                 LATEbits   0x000f8d       data     extern C:\MCC18\v3_39\src\traditional\proc\p18F4550.asm
                   LVDCON   0x000fd2       data     extern C:\MCC18\v3_39\src\traditional\proc\p18F4550.asm
               LVDCONbits   0x000fd2       data     extern C:\MCC18\v3_39\src\traditional\proc\p18F4550.asm
                   OSCCON   0x000fd3       data     extern C:\MCC18\v3_39\src\traditional\proc\p18F4550.asm
               OSCCONbits   0x000fd3       data     extern C:\MCC18\v3_39\src\traditional\proc\p18F4550.asm
                  OSCTUNE   0x000f9b       data     extern C:\MCC18\v3_39\src\traditional\proc\p18F4550.asm
              OSCTUNEbits   0x000f9b       data     extern C:\MCC18\v3_39\src\traditional\proc\p18F4550.asm
                       PC   0x000ff9       data     extern C:\MCC18\v3_39\src\traditional\proc\p18F4550.asm
                      PCL   0x000ff9       data     extern C:\MCC18\v3_39\src\traditional\proc\p18F4550.asm
                   PCLATH   0x000ffa       data     extern C:\MCC18\v3_39\src\traditional\proc\p18F4550.asm
                   PCLATU   0x000ffb       data     extern C:\MCC18\v3_39\src\traditional\proc\p18F4550.asm
                     PIE1   0x000f9d       data     extern C:\MCC18\v3_39\src\traditional\proc\p18F4550.asm
                 PIE1bits   0x000f9d       data     extern C:\MCC18\v3_39\src\traditional\proc\p18F4550.asm
                     PIE2   0x000fa0       data     extern C:\MCC18\v3_39\src\traditional\proc\p18F4550.asm
                 PIE2bits   0x000fa0       data     extern C:\MCC18\v3_39\src\traditional\proc\p18F4550.asm
                     PIR1   0x000f9e       data     extern C:\MCC18\v3_39\src\traditional\proc\p18F4550.asm
                 PIR1bits   0x000f9e       data     extern C:\MCC18\v3_39\src\traditional\proc\p18F4550.asm
                     PIR2   0x000fa1       data     extern C:\MCC18\v3_39\src\traditional\proc\p18F4550.asm
                 PIR2bits   0x000fa1       data     extern C:\MCC18\v3_39\src\traditional\proc\p18F4550.asm
                   PLUSW0   0x000feb       data     extern C:\MCC18\v3_39\src\traditional\proc\p18F4550.asm
                   PLUSW1   0x000fe3       data     extern C:\MCC18\v3_39\src\traditional\proc\p18F4550.asm
                   PLUSW2   0x000fdb       data     extern C:\MCC18\v3_39\src\traditional\proc\p18F4550.asm
                    PORTA   0x000f80       data     extern C:\MCC18\v3_39\src\traditional\proc\p18F4550.asm
                PORTAbits   0x000f80       data     extern C:\MCC18\v3_39\src\traditional\proc\p18F4550.asm
                    PORTB   0x000f81       data     extern C:\MCC18\v3_39\src\traditional\proc\p18F4550.asm
                PORTBbits   0x000f81       data     extern C:\MCC18\v3_39\src\traditional\proc\p18F4550.asm
                    PORTC   0x000f82       data     extern C:\MCC18\v3_39\src\traditional\proc\p18F4550.asm
                PORTCbits   0x000f82       data     extern C:\MCC18\v3_39\src\traditional\proc\p18F4550.asm
                    PORTD   0x000f83       data     extern C:\MCC18\v3_39\src\traditional\proc\p18F4550.asm
                PORTDbits   0x000f83       data     extern C:\MCC18\v3_39\src\traditional\proc\p18F4550.asm
                    PORTE   0x000f84       data     extern C:\MCC18\v3_39\src\traditional\proc\p18F4550.asm
                PORTEbits   0x000f84       data     extern C:\MCC18\v3_39\src\traditional\proc\p18F4550.asm
                 POSTDEC0   0x000fed       data     extern C:\MCC18\v3_39\src\traditional\proc\p18F4550.asm
                 POSTDEC1   0x000fe5       data     extern C:\MCC18\v3_39\src\traditional\proc\p18F4550.asm
                 POSTDEC2   0x000fdd       data     extern C:\MCC18\v3_39\src\traditional\proc\p18F4550.asm
                 POSTINC0   0x000fee       data     extern C:\MCC18\v3_39\src\traditional\proc\p18F4550.asm
                 POSTINC1   0x000fe6       data     extern C:\MCC18\v3_39\src\traditional\proc\p18F4550.asm
                 POSTINC2   0x000fde       data     extern C:\MCC18\v3_39\src\traditional\proc\p18F4550.asm
                      PR2   0x000fcb       data     extern C:\MCC18\v3_39\src\traditional\proc\p18F4550.asm
                  PREINC0   0x000fec       data     extern C:\MCC18\v3_39\src\traditional\proc\p18F4550.asm
                  PREINC1   0x000fe4       data     extern C:\MCC18\v3_39\src\traditional\proc\p18F4550.asm
                  PREINC2   0x000fdc       data     extern C:\MCC18\v3_39\src\traditional\proc\p18F4550.asm
                     PROD   0x000ff3       data     extern C:\MCC18\v3_39\src\traditional\proc\p18F4550.asm
                    PRODH   0x000ff4       data     extern C:\MCC18\v3_39\src\traditional\proc\p18F4550.asm
                    PRODL   0x000ff3       data     extern C:\MCC18\v3_39\src\traditional\proc\p18F4550.asm
                     RCON   0x000fd0       data     extern C:\MCC18\v3_39\src\traditional\proc\p18F4550.asm
                 RCONbits   0x000fd0       data     extern C:\MCC18\v3_39\src\traditional\proc\p18F4550.asm
                    RCREG   0x000fae       data     extern C:\MCC18\v3_39\src\traditional\proc\p18F4550.asm
                    RCSTA   0x000fab       data     extern C:\MCC18\v3_39\src\traditional\proc\p18F4550.asm
                RCSTAbits   0x000fab       data     extern C:\MCC18\v3_39\src\traditional\proc\p18F4550.asm
                     SIGN   0x00000e       data     extern C:\MCC18\v3_39\src\traditional\math\cmath18.asm
                    SPBRG   0x000faf       data     extern C:\MCC18\v3_39\src\traditional\proc\p18F4550.asm
                   SPBRGH   0x000fb0       data     extern C:\MCC18\v3_39\src\traditional\proc\p18F4550.asm
                   SPPCFG   0x000f63       data     extern C:\MCC18\v3_39\src\traditional\proc\p18F4550.asm
               SPPCFGbits   0x000f63       data     extern C:\MCC18\v3_39\src\traditional\proc\p18F4550.asm
                   SPPCON   0x000f65       data     extern C:\MCC18\v3_39\src\traditional\proc\p18F4550.asm
               SPPCONbits   0x000f65       data     extern C:\MCC18\v3_39\src\traditional\proc\p18F4550.asm
                  SPPDATA   0x000f62       data     extern C:\MCC18\v3_39\src\traditional\proc\p18F4550.asm
                   SPPEPS   0x000f64       data     extern C:\MCC18\v3_39\src\traditional\proc\p18F4550.asm
               SPPEPSbits   0x000f64       data     extern C:\MCC18\v3_39\src\traditional\proc\p18F4550.asm
                   SSPADD   0x000fc8       data     extern C:\MCC18\v3_39\src\traditional\proc\p18F4550.asm
                   SSPBUF   0x000fc9       data     extern C:\MCC18\v3_39\src\traditional\proc\p18F4550.asm
                  SSPCON1   0x000fc6       data     extern C:\MCC18\v3_39\src\traditional\proc\p18F4550.asm
              SSPCON1bits   0x000fc6       data     extern C:\MCC18\v3_39\src\traditional\proc\p18F4550.asm
                  SSPCON2   0x000fc5       data     extern C:\MCC18\v3_39\src\traditional\proc\p18F4550.asm
              SSPCON2bits   0x000fc5       data     extern C:\MCC18\v3_39\src\traditional\proc\p18F4550.asm
                  SSPSTAT   0x000fc7       data     extern C:\MCC18\v3_39\src\traditional\proc\p18F4550.asm
              SSPSTATbits   0x000fc7       data     extern C:\MCC18\v3_39\src\traditional\proc\p18F4550.asm
                   STATUS   0x000fd8       data     extern C:\MCC18\v3_39\src\traditional\proc\p18F4550.asm
               STATUSbits   0x000fd8       data     extern C:\MCC18\v3_39\src\traditional\proc\p18F4550.asm
                   STKPTR   0x000ffc       data     extern C:\MCC18\v3_39\src\traditional\proc\p18F4550.asm
               STKPTRbits   0x000ffc       data     extern C:\MCC18\v3_39\src\traditional\proc\p18F4550.asm
                    T0CON   0x000fd5       data     extern C:\MCC18\v3_39\src\traditional\proc\p18F4550.asm
                T0CONbits   0x000fd5       data     extern C:\MCC18\v3_39\src\traditional\proc\p18F4550.asm
                    T1CON   0x000fcd       data     extern C:\MCC18\v3_39\src\traditional\proc\p18F4550.asm
                T1CONbits   0x000fcd       data     extern C:\MCC18\v3_39\src\traditional\proc\p18F4550.asm
                    T2CON   0x000fca       data     extern C:\MCC18\v3_39\src\traditional\proc\p18F4550.asm
                T2CONbits   0x000fca       data     extern C:\MCC18\v3_39\src\traditional\proc\p18F4550.asm
                    T3CON   0x000fb1       data     extern C:\MCC18\v3_39\src\traditional\proc\p18F4550.asm
                T3CONbits   0x000fb1       data     extern C:\MCC18\v3_39\src\traditional\proc\p18F4550.asm
                   TABLAT   0x000ff5       data     extern C:\MCC18\v3_39\src\traditional\proc\p18F4550.asm
                   TBLPTR   0x000ff6       data     extern C:\MCC18\v3_39\src\traditional\proc\p18F4550.asm
                  TBLPTRH   0x000ff7       data     extern C:\MCC18\v3_39\src\traditional\proc\p18F4550.asm
                  TBLPTRL   0x000ff6       data     extern C:\MCC18\v3_39\src\traditional\proc\p18F4550.asm
                  TBLPTRU   0x000ff8       data     extern C:\MCC18\v3_39\src\traditional\proc\p18F4550.asm
                    TMR0H   0x000fd7       data     extern C:\MCC18\v3_39\src\traditional\proc\p18F4550.asm
                    TMR0L   0x000fd6       data     extern C:\MCC18\v3_39\src\traditional\proc\p18F4550.asm
                    TMR1H   0x000fcf       data     extern C:\MCC18\v3_39\src\traditional\proc\p18F4550.asm
                    TMR1L   0x000fce       data     extern C:\MCC18\v3_39\src\traditional\proc\p18F4550.asm
                     TMR2   0x000fcc       data     extern C:\MCC18\v3_39\src\traditional\proc\p18F4550.asm
                    TMR3H   0x000fb3       data     extern C:\MCC18\v3_39\src\traditional\proc\p18F4550.asm
                    TMR3L   0x000fb2       data     extern C:\MCC18\v3_39\src\traditional\proc\p18F4550.asm
                      TOS   0x000ffd       data     extern C:\MCC18\v3_39\src\traditional\proc\p18F4550.asm
                     TOSH   0x000ffe       data     extern C:\MCC18\v3_39\src\traditional\proc\p18F4550.asm
                     TOSL   0x000ffd       data     extern C:\MCC18\v3_39\src\traditional\proc\p18F4550.asm
                     TOSU   0x000fff       data     extern C:\MCC18\v3_39\src\traditional\proc\p18F4550.asm
                    TRISA   0x000f92       data     extern C:\MCC18\v3_39\src\traditional\proc\p18F4550.asm
                TRISAbits   0x000f92       data     extern C:\MCC18\v3_39\src\traditional\proc\p18F4550.asm
                    TRISB   0x000f93       data     extern C:\MCC18\v3_39\src\traditional\proc\p18F4550.asm
                TRISBbits   0x000f93       data     extern C:\MCC18\v3_39\src\traditional\proc\p18F4550.asm
                    TRISC   0x000f94       data     extern C:\MCC18\v3_39\src\traditional\proc\p18F4550.asm
                TRISCbits   0x000f94       data     extern C:\MCC18\v3_39\src\traditional\proc\p18F4550.asm
                    TRISD   0x000f95       data     extern C:\MCC18\v3_39\src\traditional\proc\p18F4550.asm
                TRISDbits   0x000f95       data     extern C:\MCC18\v3_39\src\traditional\proc\p18F4550.asm
                    TRISE   0x000f96       data     extern C:\MCC18\v3_39\src\traditional\proc\p18F4550.asm
                TRISEbits   0x000f96       data     extern C:\MCC18\v3_39\src\traditional\proc\p18F4550.asm
                    TXREG   0x000fad       data     extern C:\MCC18\v3_39\src\traditional\proc\p18F4550.asm
                    TXSTA   0x000fac       data     extern C:\MCC18\v3_39\src\traditional\proc\p18F4550.asm
                TXSTAbits   0x000fac       data     extern C:\MCC18\v3_39\src\traditional\proc\p18F4550.asm
                    UADDR   0x000f6e       data     extern C:\MCC18\v3_39\src\traditional\proc\p18F4550.asm
                UADDRbits   0x000f6e       data     extern C:\MCC18\v3_39\src\traditional\proc\p18F4550.asm
                     UCFG   0x000f6f       data     extern C:\MCC18\v3_39\src\traditional\proc\p18F4550.asm
                 UCFGbits   0x000f6f       data     extern C:\MCC18\v3_39\src\traditional\proc\p18F4550.asm
                     UCON   0x000f6d       data     extern C:\MCC18\v3_39\src\traditional\proc\p18F4550.asm
                 UCONbits   0x000f6d       data     extern C:\MCC18\v3_39\src\traditional\proc\p18F4550.asm
                     UEIE   0x000f6b       data     extern C:\MCC18\v3_39\src\traditional\proc\p18F4550.asm
                 UEIEbits   0x000f6b       data     extern C:\MCC18\v3_39\src\traditional\proc\p18F4550.asm
                     UEIR   0x000f6a       data     extern C:\MCC18\v3_39\src\traditional\proc\p18F4550.asm
                 UEIRbits   0x000f6a       data     extern C:\MCC18\v3_39\src\traditional\proc\p18F4550.asm
                     UEP0   0x000f70       data     extern C:\MCC18\v3_39\src\traditional\proc\p18F4550.asm
                 UEP0bits   0x000f70       data     extern C:\MCC18\v3_39\src\traditional\proc\p18F4550.asm
                     UEP1   0x000f71       data     extern C:\MCC18\v3_39\src\traditional\proc\p18F4550.asm
                    UEP10   0x000f7a       data     extern C:\MCC18\v3_39\src\traditional\proc\p18F4550.asm
                UEP10bits   0x000f7a       data     extern C:\MCC18\v3_39\src\traditional\proc\p18F4550.asm
                    UEP11   0x000f7b       data     extern C:\MCC18\v3_39\src\traditional\proc\p18F4550.asm
                UEP11bits   0x000f7b       data     extern C:\MCC18\v3_39\src\traditional\proc\p18F4550.asm
                    UEP12   0x000f7c       data     extern C:\MCC18\v3_39\src\traditional\proc\p18F4550.asm
                UEP12bits   0x000f7c       data     extern C:\MCC18\v3_39\src\traditional\proc\p18F4550.asm
                    UEP13   0x000f7d       data     extern C:\MCC18\v3_39\src\traditional\proc\p18F4550.asm
                UEP13bits   0x000f7d       data     extern C:\MCC18\v3_39\src\traditional\proc\p18F4550.asm
                    UEP14   0x000f7e       data     extern C:\MCC18\v3_39\src\traditional\proc\p18F4550.asm
                UEP14bits   0x000f7e       data     extern C:\MCC18\v3_39\src\traditional\proc\p18F4550.asm
                    UEP15   0x000f7f       data     extern C:\MCC18\v3_39\src\traditional\proc\p18F4550.asm
                UEP15bits   0x000f7f       data     extern C:\MCC18\v3_39\src\traditional\proc\p18F4550.asm
                 UEP1bits   0x000f71       data     extern C:\MCC18\v3_39\src\traditional\proc\p18F4550.asm
                     UEP2   0x000f72       data     extern C:\MCC18\v3_39\src\traditional\proc\p18F4550.asm
                 UEP2bits   0x000f72       data     extern C:\MCC18\v3_39\src\traditional\proc\p18F4550.asm
                     UEP3   0x000f73       data     extern C:\MCC18\v3_39\src\traditional\proc\p18F4550.asm
                 UEP3bits   0x000f73       data     extern C:\MCC18\v3_39\src\traditional\proc\p18F4550.asm
                     UEP4   0x000f74       data     extern C:\MCC18\v3_39\src\traditional\proc\p18F4550.asm
                 UEP4bits   0x000f74       data     extern C:\MCC18\v3_39\src\traditional\proc\p18F4550.asm
                     UEP5   0x000f75       data     extern C:\MCC18\v3_39\src\traditional\proc\p18F4550.asm
                 UEP5bits   0x000f75       data     extern C:\MCC18\v3_39\src\traditional\proc\p18F4550.asm
                     UEP6   0x000f76       data     extern C:\MCC18\v3_39\src\traditional\proc\p18F4550.asm
                 UEP6bits   0x000f76       data     extern C:\MCC18\v3_39\src\traditional\proc\p18F4550.asm
                     UEP7   0x000f77       data     extern C:\MCC18\v3_39\src\traditional\proc\p18F4550.asm
                 UEP7bits   0x000f77       data     extern C:\MCC18\v3_39\src\traditional\proc\p18F4550.asm
                     UEP8   0x000f78       data     extern C:\MCC18\v3_39\src\traditional\proc\p18F4550.asm
                 UEP8bits   0x000f78       data     extern C:\MCC18\v3_39\src\traditional\proc\p18F4550.asm
                     UEP9   0x000f79       data     extern C:\MCC18\v3_39\src\traditional\proc\p18F4550.asm
                 UEP9bits   0x000f79       data     extern C:\MCC18\v3_39\src\traditional\proc\p18F4550.asm
                     UFRM   0x000f66       data     extern C:\MCC18\v3_39\src\traditional\proc\p18F4550.asm
                    UFRMH   0x000f67       data     extern C:\MCC18\v3_39\src\traditional\proc\p18F4550.asm
                UFRMHbits   0x000f67       data     extern C:\MCC18\v3_39\src\traditional\proc\p18F4550.asm
                    UFRML   0x000f66       data     extern C:\MCC18\v3_39\src\traditional\proc\p18F4550.asm
                UFRMLbits   0x000f66       data     extern C:\MCC18\v3_39\src\traditional\proc\p18F4550.asm
                      UIE   0x000f69       data     extern C:\MCC18\v3_39\src\traditional\proc\p18F4550.asm
                  UIEbits   0x000f69       data     extern C:\MCC18\v3_39\src\traditional\proc\p18F4550.asm
                      UIR   0x000f68       data     extern C:\MCC18\v3_39\src\traditional\proc\p18F4550.asm
                  UIRbits   0x000f68       data     extern C:\MCC18\v3_39\src\traditional\proc\p18F4550.asm
                    USTAT   0x000f6c       data     extern C:\MCC18\v3_39\src\traditional\proc\p18F4550.asm
                USTATbits   0x000f6c       data     extern C:\MCC18\v3_39\src\traditional\proc\p18F4550.asm
                   WDTCON   0x000fd1       data     extern C:\MCC18\v3_39\src\traditional\proc\p18F4550.asm
               WDTCONbits   0x000fd1       data     extern C:\MCC18\v3_39\src\traditional\proc\p18F4550.asm
                     WREG   0x000fe8       data     extern C:\MCC18\v3_39\src\traditional\proc\p18F4550.asm
                 __AARGB0   0x000007       data     extern C:\MCC18\v3_39\src\traditional\math\aarg.asm
                 __AARGB1   0x000006       data     extern C:\MCC18\v3_39\src\traditional\math\aarg.asm
                 __AARGB2   0x000005       data     extern C:\MCC18\v3_39\src\traditional\math\aarg.asm
                 __AARGB3   0x000004       data     extern C:\MCC18\v3_39\src\traditional\math\aarg.asm
                 __AARGB4   0x000003       data     extern C:\MCC18\v3_39\src\traditional\math\aarg.asm
                 __AARGB5   0x000002       data     extern C:\MCC18\v3_39\src\traditional\math\aarg.asm
                 __AARGB6   0x000001       data     extern C:\MCC18\v3_39\src\traditional\math\aarg.asm
                 __AARGB7   0x000000       data     extern C:\MCC18\v3_39\src\traditional\math\aarg.asm
                   __AEXP   0x000008       data     extern C:\MCC18\v3_39\src\traditional\math\aarg.asm
                 __BARGB0   0x00000c       data     extern C:\MCC18\v3_39\src\traditional\math\barg.asm
                 __BARGB1   0x00000b       data     extern C:\MCC18\v3_39\src\traditional\math\barg.asm
                 __BARGB2   0x00000a       data     extern C:\MCC18\v3_39\src\traditional\math\barg.asm
                 __BARGB3   0x000009       data     extern C:\MCC18\v3_39\src\traditional\math\barg.asm
                   __BEXP   0x00000d       data     extern C:\MCC18\v3_39\src\traditional\math\barg.asm
                __FPFLAGS   0x00000f       data     extern C:\MCC18\v3_39\src\traditional\math\cmath18.asm
            __FPFLAGSbits   0x00000f       data     extern C:\MCC18\v3_39\src\traditional\math\cmath18.asm
                  __REMB0   0x000003       data     extern C:\MCC18\v3_39\src\traditional\math\aarg.asm
                  __REMB1   0x000002       data     extern C:\MCC18\v3_39\src\traditional\math\aarg.asm
                  __REMB2   0x000001       data     extern C:\MCC18\v3_39\src\traditional\math\aarg.asm
                  __REMB3   0x000000       data     extern C:\MCC18\v3_39\src\traditional\math\aarg.asm
                   __TEMP   0x000013       data     extern C:\MCC18\v3_39\src\traditional\math\temparg.asm
                 __TEMPB0   0x000013       data     extern C:\MCC18\v3_39\src\traditional\math\temparg.asm
                 __TEMPB1   0x000012       data     extern C:\MCC18\v3_39\src\traditional\math\temparg.asm
                 __TEMPB2   0x000011       data     extern C:\MCC18\v3_39\src\traditional\math\temparg.asm
                 __TEMPB3   0x000010       data     extern C:\MCC18\v3_39\src\traditional\math\temparg.asm
                  __tmp_0   0x000014       data     static C:\MCC18\v3_39\src\traditional\stdclib\fabs.c
                  __tmp_0   0x000014       data     static C:\Users\Bruno\Dropbox\SEMPRA FLEX\Aulas em desenvolvimento\Microcontroladores\!Aula Display\18\Prática_01_E_P18_Mini.X\displayLCD.c
                curr_byte   0x000074       data     static C:\MCC18\v3_39\src\traditional\startup\c018i.c
               curr_entry   0x000076       data     static C:\MCC18\v3_39\src\traditional\startup\c018i.c
                 data_ptr   0x000078       data     static C:\MCC18\v3_39\src\traditional\startup\c018i.c
                    frase   0x000060       data     extern C:\Users\Bruno\Dropbox\SEMPRA FLEX\Aulas em desenvolvimento\Microcontroladores\!Aula Display\18\Prática_01_E_P18_Mini.X\pratica_01_LCD_EP18_mini.c
                     prom   0x000071       data     static C:\MCC18\v3_39\src\traditional\startup\c018i.c



                              Symbols - Sorted by Address
                     Name    Address   Location    Storage File                     
                ---------  ---------  ---------  --------- ---------                
                   _entry   0x000000    program     extern C:\MCC18\v3_39\src\traditional\startup\c018i.c
       ___return_lbl00000   0x000004    program     static                          
                   _reset   0x001000    program     extern C:\Users\Bruno\Dropbox\SEMPRA FLEX\Aulas em desenvolvimento\Microcontroladores\!Aula Display\18\Prática_01_E_P18_Mini.X\pratica_01_LCD_EP18_mini.c
       ___return_lbl00007   0x001004    program     static                          
                _high_ISR   0x001008    program     extern C:\Users\Bruno\Dropbox\SEMPRA FLEX\Aulas em desenvolvimento\Microcontroladores\!Aula Display\18\Prática_01_E_P18_Mini.X\pratica_01_LCD_EP18_mini.c
       ___return_lbl00008   0x00100c    program     static                          
                 _low_ISR   0x001018    program     extern C:\Users\Bruno\Dropbox\SEMPRA FLEX\Aulas em desenvolvimento\Microcontroladores\!Aula Display\18\Prática_01_E_P18_Mini.X\pratica_01_LCD_EP18_mini.c
       ___return_lbl00009   0x00101c    program     static                          
             ConfiguraLCD   0x001038    program     extern C:\Users\Bruno\Dropbox\SEMPRA FLEX\Aulas em desenvolvimento\Microcontroladores\!Aula Display\18\Prática_01_E_P18_Mini.X\displayLCD.c
        EscreveComandoLCD   0x001110    program     extern C:\Users\Bruno\Dropbox\SEMPRA FLEX\Aulas em desenvolvimento\Microcontroladores\!Aula Display\18\Prática_01_E_P18_Mini.X\displayLCD.c
           EnderecoCursor   0x0011c8    program     extern C:\Users\Bruno\Dropbox\SEMPRA FLEX\Aulas em desenvolvimento\Microcontroladores\!Aula Display\18\Prática_01_E_P18_Mini.X\displayLCD.c
         PosicaoCursorLCD   0x001258    program     extern C:\Users\Bruno\Dropbox\SEMPRA FLEX\Aulas em desenvolvimento\Microcontroladores\!Aula Display\18\Prática_01_E_P18_Mini.X\displayLCD.c
      EscreveCaractereLCD   0x0012c4    program     extern C:\Users\Bruno\Dropbox\SEMPRA FLEX\Aulas em desenvolvimento\Microcontroladores\!Aula Display\18\Prática_01_E_P18_Mini.X\displayLCD.c
        EscreveInteiroLCD   0x00135c    program     extern C:\Users\Bruno\Dropbox\SEMPRA FLEX\Aulas em desenvolvimento\Microcontroladores\!Aula Display\18\Prática_01_E_P18_Mini.X\displayLCD.c
          EscreveFloatLCD   0x0013c2    program     extern C:\Users\Bruno\Dropbox\SEMPRA FLEX\Aulas em desenvolvimento\Microcontroladores\!Aula Display\18\Prática_01_E_P18_Mini.X\displayLCD.c
       EscreveFraseRamLCD   0x00162e    program     extern C:\Users\Bruno\Dropbox\SEMPRA FLEX\Aulas em desenvolvimento\Microcontroladores\!Aula Display\18\Prática_01_E_P18_Mini.X\displayLCD.c
       EscreveFraseRomLCD   0x00166e    program     extern C:\Users\Bruno\Dropbox\SEMPRA FLEX\Aulas em desenvolvimento\Microcontroladores\!Aula Display\18\Prática_01_E_P18_Mini.X\displayLCD.c
         CriaCaractereLCD   0x0016b2    program     extern C:\Users\Bruno\Dropbox\SEMPRA FLEX\Aulas em desenvolvimento\Microcontroladores\!Aula Display\18\Prática_01_E_P18_Mini.X\displayLCD.c
                 FLO1632U   0x001770    program     extern C:\MCC18\v3_39\src\traditional\math\cast16FP.asm
                 FLO1632S   0x001774    program     extern C:\MCC18\v3_39\src\traditional\math\cast16FP.asm
                jI2F16Beg   0x001784    program     static C:\MCC18\v3_39\src\traditional\math\cast16FP.asm
                    FPM32   0x00179a    program     extern C:\MCC18\v3_39\src\traditional\math\mulFP.asm
                 jANotInf   0x0017b8    program     static C:\MCC18\v3_39\src\traditional\math\mulFP.asm
              jBothFinite   0x0017c6    program     static C:\MCC18\v3_39\src\traditional\math\mulFP.asm
                jHaveZero   0x0017ce    program     static C:\MCC18\v3_39\src\traditional\math\mulFP.asm
             jBothNotZero   0x0017d2    program     static C:\MCC18\v3_39\src\traditional\math\mulFP.asm
                    FPS32   0x001874    program     extern C:\MCC18\v3_39\src\traditional\math\addFP.asm
                    FPA32   0x001876    program     extern C:\MCC18\v3_39\src\traditional\math\addFP.asm
                jBANotInf   0x001894    program     static C:\MCC18\v3_39\src\traditional\math\addFP.asm
                 jANotInf   0x00189e    program     static C:\MCC18\v3_39\src\traditional\math\addFP.asm
                 jBNotInf   0x0018ac    program     static C:\MCC18\v3_39\src\traditional\math\addFP.asm
            jDifOrPosSign   0x0018c0    program     static C:\MCC18\v3_39\src\traditional\math\addFP.asm
             jNotBothZero   0x0018c4    program     static C:\MCC18\v3_39\src\traditional\math\addFP.asm
                 jAltBexp   0x0018f0    program     static C:\MCC18\v3_39\src\traditional\math\addFP.asm
              jAandWsetup   0x001902    program     static C:\MCC18\v3_39\src\traditional\math\addFP.asm
                 jANotNeg   0x001932    program     static C:\MCC18\v3_39\src\traditional\math\addFP.asm
                 jWNotNeg   0x001946    program     static C:\MCC18\v3_39\src\traditional\math\addFP.asm
               jShiftLoop   0x00194c    program     static C:\MCC18\v3_39\src\traditional\math\addFP.asm
               jShiftDone   0x00195a    program     static C:\MCC18\v3_39\src\traditional\math\addFP.asm
                jSignDone   0x00198a    program     static C:\MCC18\v3_39\src\traditional\math\addFP.asm
               jFinalSign   0x00199a    program     static C:\MCC18\v3_39\src\traditional\math\addFP.asm
                  INT3216   0x0019a2    program     extern C:\MCC18\v3_39\src\traditional\math\castFP16.asm
                     jMax   0x0019b2    program     static C:\MCC18\v3_39\src\traditional\math\castFP16.asm
                  jMaxPos   0x0019b6    program     static C:\MCC18\v3_39\src\traditional\math\castFP16.asm
                  jMaxNeg   0x0019c0    program     static C:\MCC18\v3_39\src\traditional\math\castFP16.asm
                    jZero   0x0019c8    program     static C:\MCC18\v3_39\src\traditional\math\castFP16.asm
                  jNotInf   0x0019ce    program     static C:\MCC18\v3_39\src\traditional\math\castFP16.asm
                    jLoop   0x0019de    program     static C:\MCC18\v3_39\src\traditional\math\castFP16.asm
                jLoopExit   0x0019ee    program     static C:\MCC18\v3_39\src\traditional\math\castFP16.asm
                    jExit   0x0019fe    program     static C:\MCC18\v3_39\src\traditional\math\castFP16.asm
                  TALTB32   0x001a00    program     extern C:\MCC18\v3_39\src\traditional\math\ltFP.asm
              __FpCompare   0x001a12    program     extern C:\MCC18\v3_39\src\traditional\math\compFP.asm
             jBothNotZero   0x001a30    program     static C:\MCC18\v3_39\src\traditional\math\compFP.asm
                 jSignsEQ   0x001a34    program     static C:\MCC18\v3_39\src\traditional\math\compFP.asm
                      jEQ   0x001a4c    program     static C:\MCC18\v3_39\src\traditional\math\compFP.asm
                      jNE   0x001a50    program     static C:\MCC18\v3_39\src\traditional\math\compFP.asm
                    jExch   0x001a58    program     static C:\MCC18\v3_39\src\traditional\math\compFP.asm
                  jNoExch   0x001a78    program     static C:\MCC18\v3_39\src\traditional\math\compFP.asm
                   jFinal   0x001a82    program     static C:\MCC18\v3_39\src\traditional\math\compFP.asm
                  jAisNeg   0x001a8e    program     static C:\MCC18\v3_39\src\traditional\math\compFP.asm
                   jShift   0x001a94    program     static C:\MCC18\v3_39\src\traditional\math\compFP.asm
                   jExpEQ   0x001a9e    program     static C:\MCC18\v3_39\src\traditional\math\compFP.asm
                  jRotate   0x001aaa    program     static C:\MCC18\v3_39\src\traditional\math\compFP.asm
            __FpReturnNaN   0x001abc    program     extern C:\MCC18\v3_39\src\traditional\math\packFP.asm
                 __FpExit   0x001ac8    program     extern C:\MCC18\v3_39\src\traditional\math\packFP.asm
        __FpReturnSignInf   0x001aca    program     extern C:\MCC18\v3_39\src\traditional\math\packFP.asm
         __FpReturnNegInf   0x001ace    program     extern C:\MCC18\v3_39\src\traditional\math\packFP.asm
         __FpReturnPosInf   0x001ad4    program     extern C:\MCC18\v3_39\src\traditional\math\packFP.asm
           jReturnPosInf0   0x001ad8    program     static C:\MCC18\v3_39\src\traditional\math\packFP.asm
               jZero1and2   0x001adc    program     static C:\MCC18\v3_39\src\traditional\math\packFP.asm
       __FpReturnSignZero   0x001ae2    program     extern C:\MCC18\v3_39\src\traditional\math\packFP.asm
        __FpReturnNegZero   0x001ae6    program     extern C:\MCC18\v3_39\src\traditional\math\packFP.asm
        __FpReturnPosZero   0x001aee    program     extern C:\MCC18\v3_39\src\traditional\math\packFP.asm
                 __FpPack   0x001af4    program     extern C:\MCC18\v3_39\src\traditional\math\packFP.asm
                  jPkLoop   0x001b02    program     static C:\MCC18\v3_39\src\traditional\math\packFP.asm
             jPkShiftDone   0x001b1e    program     static C:\MCC18\v3_39\src\traditional\math\packFP.asm
               jPkRoundIt   0x001b34    program     static C:\MCC18\v3_39\src\traditional\math\packFP.asm
             jPkRoundDone   0x001b4c    program     static C:\MCC18\v3_39\src\traditional\math\packFP.asm
              __FpReturnW   0x001b4c    program     extern C:\MCC18\v3_39\src\traditional\math\packFP.asm
              __FpUnPackA   0x001b6c    program     extern C:\MCC18\v3_39\src\traditional\math\UnpackFP.asm
                  jUnpkA1   0x001b76    program     static C:\MCC18\v3_39\src\traditional\math\UnpackFP.asm
                 jUnpkANZ   0x001b84    program     static C:\MCC18\v3_39\src\traditional\math\UnpackFP.asm
                  jUnpkA2   0x001b8e    program     static C:\MCC18\v3_39\src\traditional\math\UnpackFP.asm
                 jUnpkNaN   0x001b98    program     static C:\MCC18\v3_39\src\traditional\math\UnpackFP.asm
              __FpUnPackB   0x001b9c    program     extern C:\MCC18\v3_39\src\traditional\math\UnpackFP.asm
                  jUnpkB1   0x001ba6    program     static C:\MCC18\v3_39\src\traditional\math\UnpackFP.asm
                 jUnpkBNZ   0x001bb4    program     static C:\MCC18\v3_39\src\traditional\math\UnpackFP.asm
                  jUnpkB2   0x001bbe    program     static C:\MCC18\v3_39\src\traditional\math\UnpackFP.asm
                     itoa   0x001bc8    program     extern C:\MCC18\v3_39\src\traditional\stdclib\itoa.asm
                jTstSign1   0x001bf4    program     static C:\MCC18\v3_39\src\traditional\stdclib\itoa.asm
                     jDo5   0x001c3e    program     static C:\MCC18\v3_39\src\traditional\stdclib\itoa.asm
                     jDo4   0x001c42    program     static C:\MCC18\v3_39\src\traditional\stdclib\itoa.asm
                     jDo3   0x001c46    program     static C:\MCC18\v3_39\src\traditional\stdclib\itoa.asm
                     jDo2   0x001c4a    program     static C:\MCC18\v3_39\src\traditional\stdclib\itoa.asm
                     jDo1   0x001c4e    program     static C:\MCC18\v3_39\src\traditional\stdclib\itoa.asm
                 TstUpper   0x001c82    program     static C:\MCC18\v3_39\src\traditional\stdclib\itoa.asm
                 TstLower   0x001c88    program     static C:\MCC18\v3_39\src\traditional\stdclib\itoa.asm
                jTstLowZ1   0x001c92    program     static C:\MCC18\v3_39\src\traditional\stdclib\itoa.asm
                ProcUpper   0x001c94    program     static C:\MCC18\v3_39\src\traditional\stdclib\itoa.asm
                ProcLower   0x001c9e    program     static C:\MCC18\v3_39\src\traditional\stdclib\itoa.asm
                   itoBCD   0x001ca8    program     extern C:\MCC18\v3_39\src\traditional\stdclib\itobcd.asm
                    jLoop   0x001cc0    program     static C:\MCC18\v3_39\src\traditional\stdclib\itobcd.asm
                     jEnd   0x001ce6    program     static C:\MCC18\v3_39\src\traditional\stdclib\itobcd.asm
                  OneByte   0x001cea    program     static C:\MCC18\v3_39\src\traditional\stdclib\itobcd.asm
                _do_cinit   0x001cfc    program     extern C:\MCC18\v3_39\src\traditional\startup\c018i.c
                     test   0x001d16    program     static                          
                copy_loop   0x001d6e    program     static                          
            copy_one_byte   0x001d74    program     static                          
             done_copying   0x001d82    program     static                          
                     done   0x001d98    program     static                          
       ___return_lbl00002   0x001d98    program     static                          
                     main   0x001d9a    program     extern C:\Users\Bruno\Dropbox\SEMPRA FLEX\Aulas em desenvolvimento\Microcontroladores\!Aula Display\18\Prática_01_E_P18_Mini.X\pratica_01_LCD_EP18_mini.c
         ConfiguraSistema   0x001de6    program     extern C:\Users\Bruno\Dropbox\SEMPRA FLEX\Aulas em desenvolvimento\Microcontroladores\!Aula Display\18\Prática_01_E_P18_Mini.X\pratica_01_LCD_EP18_mini.c
     ConfiguraInterrupcao   0x001df0    program     extern C:\Users\Bruno\Dropbox\SEMPRA FLEX\Aulas em desenvolvimento\Microcontroladores\!Aula Display\18\Prática_01_E_P18_Mini.X\pratica_01_LCD_EP18_mini.c
Tratamento_High_Interrupt   0x001df2    program     extern C:\Users\Bruno\Dropbox\SEMPRA FLEX\Aulas em desenvolvimento\Microcontroladores\!Aula Display\18\Prática_01_E_P18_Mini.X\pratica_01_LCD_EP18_mini.c
 Tratamento_Low_Interrupt   0x001e00    program     extern C:\Users\Bruno\Dropbox\SEMPRA FLEX\Aulas em desenvolvimento\Microcontroladores\!Aula Display\18\Prática_01_E_P18_Mini.X\pratica_01_LCD_EP18_mini.c
                     fabs   0x001e22    program     extern C:\MCC18\v3_39\src\traditional\stdclib\fabs.c
             Delay10KTCYx   0x001e88    program     extern C:\MCC18\v3_39\src\traditional\delays\d10ktcyx.asm
                    D10Kx   0x001e92    program     static C:\MCC18\v3_39\src\traditional\delays\d10ktcyx.asm
                   D10K_1   0x001e94    program     static C:\MCC18\v3_39\src\traditional\delays\d10ktcyx.asm
       _D10KTCYXCODE_0010   0x001e98    program     static C:\MCC18\v3_39\src\traditional\delays\d10ktcyx.asm
                    D10Kl   0x001ea0    program     static C:\MCC18\v3_39\src\traditional\delays\d10ktcyx.asm
       _D10KTCYXCODE_001C   0x001ea4    program     static C:\MCC18\v3_39\src\traditional\delays\d10ktcyx.asm
              Delay1KTCYx   0x001eb6    program     extern C:\MCC18\v3_39\src\traditional\delays\d1ktcyx.asm
                     D1Kx   0x001ec0    program     static C:\MCC18\v3_39\src\traditional\delays\d1ktcyx.asm
                    D1K_1   0x001ec2    program     static C:\MCC18\v3_39\src\traditional\delays\d1ktcyx.asm
        _D1KTCYXCODE_0010   0x001ec6    program     static C:\MCC18\v3_39\src\traditional\delays\d1ktcyx.asm
        _D1KTCYXCODE_0016   0x001ecc    program     static C:\MCC18\v3_39\src\traditional\delays\d1ktcyx.asm
            __zero_memory   0x001ed6    program     extern C:\MCC18\v3_39\src\traditional\proc\p18F4550.asm
                   loop_h   0x001ee4    program     static C:\MCC18\v3_39\src\traditional\proc\p18F4550.asm
               zero_block   0x001ee4    program     static C:\MCC18\v3_39\src\traditional\proc\p18F4550.asm
                compare_l   0x001eec    program     static C:\MCC18\v3_39\src\traditional\proc\p18F4550.asm
                   loop_l   0x001eee    program     static C:\MCC18\v3_39\src\traditional\proc\p18F4550.asm
                 _startup   0x001ef6    program     extern C:\MCC18\v3_39\src\traditional\startup\c018i.c
                     loop   0x001f06    program     static                          
       ___return_lbl00001   0x001f10    program     static                          
               __string_1   0x001f12    program     static C:\Users\Bruno\Dropbox\SEMPRA FLEX\Aulas em desenvolvimento\Microcontroladores\!Aula Display\18\Prática_01_E_P18_Mini.X\pratica_01_LCD_EP18_mini.c
                   __init   0x001f22    program     extern C:\MCC18\v3_39\src\traditional\stdclib\__init.c
                 __AARGB7   0x000000       data     extern C:\MCC18\v3_39\src\traditional\math\aarg.asm
                  __REMB3   0x000000       data     extern C:\MCC18\v3_39\src\traditional\math\aarg.asm
                 __AARGB6   0x000001       data     extern C:\MCC18\v3_39\src\traditional\math\aarg.asm
                  __REMB2   0x000001       data     extern C:\MCC18\v3_39\src\traditional\math\aarg.asm
                 __AARGB5   0x000002       data     extern C:\MCC18\v3_39\src\traditional\math\aarg.asm
                  __REMB1   0x000002       data     extern C:\MCC18\v3_39\src\traditional\math\aarg.asm
                 __AARGB4   0x000003       data     extern C:\MCC18\v3_39\src\traditional\math\aarg.asm
                  __REMB0   0x000003       data     extern C:\MCC18\v3_39\src\traditional\math\aarg.asm
                 __AARGB3   0x000004       data     extern C:\MCC18\v3_39\src\traditional\math\aarg.asm
                 __AARGB2   0x000005       data     extern C:\MCC18\v3_39\src\traditional\math\aarg.asm
                 __AARGB1   0x000006       data     extern C:\MCC18\v3_39\src\traditional\math\aarg.asm
                 __AARGB0   0x000007       data     extern C:\MCC18\v3_39\src\traditional\math\aarg.asm
                   __AEXP   0x000008       data     extern C:\MCC18\v3_39\src\traditional\math\aarg.asm
                 __BARGB3   0x000009       data     extern C:\MCC18\v3_39\src\traditional\math\barg.asm
                 __BARGB2   0x00000a       data     extern C:\MCC18\v3_39\src\traditional\math\barg.asm
                 __BARGB1   0x00000b       data     extern C:\MCC18\v3_39\src\traditional\math\barg.asm
                 __BARGB0   0x00000c       data     extern C:\MCC18\v3_39\src\traditional\math\barg.asm
                   __BEXP   0x00000d       data     extern C:\MCC18\v3_39\src\traditional\math\barg.asm
                     SIGN   0x00000e       data     extern C:\MCC18\v3_39\src\traditional\math\cmath18.asm
            __FPFLAGSbits   0x00000f       data     extern C:\MCC18\v3_39\src\traditional\math\cmath18.asm
                __FPFLAGS   0x00000f       data     extern C:\MCC18\v3_39\src\traditional\math\cmath18.asm
                 __TEMPB3   0x000010       data     extern C:\MCC18\v3_39\src\traditional\math\temparg.asm
                 __TEMPB2   0x000011       data     extern C:\MCC18\v3_39\src\traditional\math\temparg.asm
                 __TEMPB1   0x000012       data     extern C:\MCC18\v3_39\src\traditional\math\temparg.asm
                   __TEMP   0x000013       data     extern C:\MCC18\v3_39\src\traditional\math\temparg.asm
                 __TEMPB0   0x000013       data     extern C:\MCC18\v3_39\src\traditional\math\temparg.asm
                  __tmp_0   0x000014       data     static C:\Users\Bruno\Dropbox\SEMPRA FLEX\Aulas em desenvolvimento\Microcontroladores\!Aula Display\18\Prática_01_E_P18_Mini.X\displayLCD.c
                  __tmp_0   0x000014       data     static C:\MCC18\v3_39\src\traditional\stdclib\fabs.c
            DelayCounter2   0x00001c       data     extern C:\MCC18\v3_39\src\traditional\delays\delayd2.asm
            DelayCounter1   0x00001d       data     extern C:\MCC18\v3_39\src\traditional\delays\delayd1.asm
                    frase   0x000060       data     extern C:\Users\Bruno\Dropbox\SEMPRA FLEX\Aulas em desenvolvimento\Microcontroladores\!Aula Display\18\Prática_01_E_P18_Mini.X\pratica_01_LCD_EP18_mini.c
                     prom   0x000071       data     static C:\MCC18\v3_39\src\traditional\startup\c018i.c
                curr_byte   0x000074       data     static C:\MCC18\v3_39\src\traditional\startup\c018i.c
               curr_entry   0x000076       data     static C:\MCC18\v3_39\src\traditional\startup\c018i.c
                 data_ptr   0x000078       data     static C:\MCC18\v3_39\src\traditional\startup\c018i.c
                  SPPDATA   0x000f62       data     extern C:\MCC18\v3_39\src\traditional\proc\p18F4550.asm
               SPPCFGbits   0x000f63       data     extern C:\MCC18\v3_39\src\traditional\proc\p18F4550.asm
                   SPPCFG   0x000f63       data     extern C:\MCC18\v3_39\src\traditional\proc\p18F4550.asm
               SPPEPSbits   0x000f64       data     extern C:\MCC18\v3_39\src\traditional\proc\p18F4550.asm
                   SPPEPS   0x000f64       data     extern C:\MCC18\v3_39\src\traditional\proc\p18F4550.asm
               SPPCONbits   0x000f65       data     extern C:\MCC18\v3_39\src\traditional\proc\p18F4550.asm
                   SPPCON   0x000f65       data     extern C:\MCC18\v3_39\src\traditional\proc\p18F4550.asm
                     UFRM   0x000f66       data     extern C:\MCC18\v3_39\src\traditional\proc\p18F4550.asm
                    UFRML   0x000f66       data     extern C:\MCC18\v3_39\src\traditional\proc\p18F4550.asm
                UFRMLbits   0x000f66       data     extern C:\MCC18\v3_39\src\traditional\proc\p18F4550.asm
                    UFRMH   0x000f67       data     extern C:\MCC18\v3_39\src\traditional\proc\p18F4550.asm
                UFRMHbits   0x000f67       data     extern C:\MCC18\v3_39\src\traditional\proc\p18F4550.asm
                      UIR   0x000f68       data     extern C:\MCC18\v3_39\src\traditional\proc\p18F4550.asm
                  UIRbits   0x000f68       data     extern C:\MCC18\v3_39\src\traditional\proc\p18F4550.asm
                  UIEbits   0x000f69       data     extern C:\MCC18\v3_39\src\traditional\proc\p18F4550.asm
                      UIE   0x000f69       data     extern C:\MCC18\v3_39\src\traditional\proc\p18F4550.asm
                 UEIRbits   0x000f6a       data     extern C:\MCC18\v3_39\src\traditional\proc\p18F4550.asm
                     UEIR   0x000f6a       data     extern C:\MCC18\v3_39\src\traditional\proc\p18F4550.asm
                 UEIEbits   0x000f6b       data     extern C:\MCC18\v3_39\src\traditional\proc\p18F4550.asm
                     UEIE   0x000f6b       data     extern C:\MCC18\v3_39\src\traditional\proc\p18F4550.asm
                    USTAT   0x000f6c       data     extern C:\MCC18\v3_39\src\traditional\proc\p18F4550.asm
                USTATbits   0x000f6c       data     extern C:\MCC18\v3_39\src\traditional\proc\p18F4550.asm
                 UCONbits   0x000f6d       data     extern C:\MCC18\v3_39\src\traditional\proc\p18F4550.asm
                     UCON   0x000f6d       data     extern C:\MCC18\v3_39\src\traditional\proc\p18F4550.asm
                    UADDR   0x000f6e       data     extern C:\MCC18\v3_39\src\traditional\proc\p18F4550.asm
                UADDRbits   0x000f6e       data     extern C:\MCC18\v3_39\src\traditional\proc\p18F4550.asm
                     UCFG   0x000f6f       data     extern C:\MCC18\v3_39\src\traditional\proc\p18F4550.asm
                 UCFGbits   0x000f6f       data     extern C:\MCC18\v3_39\src\traditional\proc\p18F4550.asm
                 UEP0bits   0x000f70       data     extern C:\MCC18\v3_39\src\traditional\proc\p18F4550.asm
                     UEP0   0x000f70       data     extern C:\MCC18\v3_39\src\traditional\proc\p18F4550.asm
                 UEP1bits   0x000f71       data     extern C:\MCC18\v3_39\src\traditional\proc\p18F4550.asm
                     UEP1   0x000f71       data     extern C:\MCC18\v3_39\src\traditional\proc\p18F4550.asm
                     UEP2   0x000f72       data     extern C:\MCC18\v3_39\src\traditional\proc\p18F4550.asm
                 UEP2bits   0x000f72       data     extern C:\MCC18\v3_39\src\traditional\proc\p18F4550.asm
                     UEP3   0x000f73       data     extern C:\MCC18\v3_39\src\traditional\proc\p18F4550.asm
                 UEP3bits   0x000f73       data     extern C:\MCC18\v3_39\src\traditional\proc\p18F4550.asm
                     UEP4   0x000f74       data     extern C:\MCC18\v3_39\src\traditional\proc\p18F4550.asm
                 UEP4bits   0x000f74       data     extern C:\MCC18\v3_39\src\traditional\proc\p18F4550.asm
                 UEP5bits   0x000f75       data     extern C:\MCC18\v3_39\src\traditional\proc\p18F4550.asm
                     UEP5   0x000f75       data     extern C:\MCC18\v3_39\src\traditional\proc\p18F4550.asm
                     UEP6   0x000f76       data     extern C:\MCC18\v3_39\src\traditional\proc\p18F4550.asm
                 UEP6bits   0x000f76       data     extern C:\MCC18\v3_39\src\traditional\proc\p18F4550.asm
                     UEP7   0x000f77       data     extern C:\MCC18\v3_39\src\traditional\proc\p18F4550.asm
                 UEP7bits   0x000f77       data     extern C:\MCC18\v3_39\src\traditional\proc\p18F4550.asm
                     UEP8   0x000f78       data     extern C:\MCC18\v3_39\src\traditional\proc\p18F4550.asm
                 UEP8bits   0x000f78       data     extern C:\MCC18\v3_39\src\traditional\proc\p18F4550.asm
                 UEP9bits   0x000f79       data     extern C:\MCC18\v3_39\src\traditional\proc\p18F4550.asm
                     UEP9   0x000f79       data     extern C:\MCC18\v3_39\src\traditional\proc\p18F4550.asm
                UEP10bits   0x000f7a       data     extern C:\MCC18\v3_39\src\traditional\proc\p18F4550.asm
                    UEP10   0x000f7a       data     extern C:\MCC18\v3_39\src\traditional\proc\p18F4550.asm
                UEP11bits   0x000f7b       data     extern C:\MCC18\v3_39\src\traditional\proc\p18F4550.asm
                    UEP11   0x000f7b       data     extern C:\MCC18\v3_39\src\traditional\proc\p18F4550.asm
                UEP12bits   0x000f7c       data     extern C:\MCC18\v3_39\src\traditional\proc\p18F4550.asm
                    UEP12   0x000f7c       data     extern C:\MCC18\v3_39\src\traditional\proc\p18F4550.asm
                    UEP13   0x000f7d       data     extern C:\MCC18\v3_39\src\traditional\proc\p18F4550.asm
                UEP13bits   0x000f7d       data     extern C:\MCC18\v3_39\src\traditional\proc\p18F4550.asm
                    UEP14   0x000f7e       data     extern C:\MCC18\v3_39\src\traditional\proc\p18F4550.asm
                UEP14bits   0x000f7e       data     extern C:\MCC18\v3_39\src\traditional\proc\p18F4550.asm
                    UEP15   0x000f7f       data     extern C:\MCC18\v3_39\src\traditional\proc\p18F4550.asm
                UEP15bits   0x000f7f       data     extern C:\MCC18\v3_39\src\traditional\proc\p18F4550.asm
                PORTAbits   0x000f80       data     extern C:\MCC18\v3_39\src\traditional\proc\p18F4550.asm
                    PORTA   0x000f80       data     extern C:\MCC18\v3_39\src\traditional\proc\p18F4550.asm
                PORTBbits   0x000f81       data     extern C:\MCC18\v3_39\src\traditional\proc\p18F4550.asm
                    PORTB   0x000f81       data     extern C:\MCC18\v3_39\src\traditional\proc\p18F4550.asm
                PORTCbits   0x000f82       data     extern C:\MCC18\v3_39\src\traditional\proc\p18F4550.asm
                    PORTC   0x000f82       data     extern C:\MCC18\v3_39\src\traditional\proc\p18F4550.asm
                    PORTD   0x000f83       data     extern C:\MCC18\v3_39\src\traditional\proc\p18F4550.asm
                PORTDbits   0x000f83       data     extern C:\MCC18\v3_39\src\traditional\proc\p18F4550.asm
                    PORTE   0x000f84       data     extern C:\MCC18\v3_39\src\traditional\proc\p18F4550.asm
                PORTEbits   0x000f84       data     extern C:\MCC18\v3_39\src\traditional\proc\p18F4550.asm
                 LATAbits   0x000f89       data     extern C:\MCC18\v3_39\src\traditional\proc\p18F4550.asm
                     LATA   0x000f89       data     extern C:\MCC18\v3_39\src\traditional\proc\p18F4550.asm
                 LATBbits   0x000f8a       data     extern C:\MCC18\v3_39\src\traditional\proc\p18F4550.asm
                     LATB   0x000f8a       data     extern C:\MCC18\v3_39\src\traditional\proc\p18F4550.asm
                 LATCbits   0x000f8b       data     extern C:\MCC18\v3_39\src\traditional\proc\p18F4550.asm
                     LATC   0x000f8b       data     extern C:\MCC18\v3_39\src\traditional\proc\p18F4550.asm
                     LATD   0x000f8c       data     extern C:\MCC18\v3_39\src\traditional\proc\p18F4550.asm
                 LATDbits   0x000f8c       data     extern C:\MCC18\v3_39\src\traditional\proc\p18F4550.asm
                 LATEbits   0x000f8d       data     extern C:\MCC18\v3_39\src\traditional\proc\p18F4550.asm
                     LATE   0x000f8d       data     extern C:\MCC18\v3_39\src\traditional\proc\p18F4550.asm
                TRISAbits   0x000f92       data     extern C:\MCC18\v3_39\src\traditional\proc\p18F4550.asm
                    TRISA   0x000f92       data     extern C:\MCC18\v3_39\src\traditional\proc\p18F4550.asm
                     DDRA   0x000f92       data     extern C:\MCC18\v3_39\src\traditional\proc\p18F4550.asm
                 DDRAbits   0x000f92       data     extern C:\MCC18\v3_39\src\traditional\proc\p18F4550.asm
                    TRISB   0x000f93       data     extern C:\MCC18\v3_39\src\traditional\proc\p18F4550.asm
                 DDRBbits   0x000f93       data     extern C:\MCC18\v3_39\src\traditional\proc\p18F4550.asm
                TRISBbits   0x000f93       data     extern C:\MCC18\v3_39\src\traditional\proc\p18F4550.asm
                     DDRB   0x000f93       data     extern C:\MCC18\v3_39\src\traditional\proc\p18F4550.asm
                 DDRCbits   0x000f94       data     extern C:\MCC18\v3_39\src\traditional\proc\p18F4550.asm
                     DDRC   0x000f94       data     extern C:\MCC18\v3_39\src\traditional\proc\p18F4550.asm
                TRISCbits   0x000f94       data     extern C:\MCC18\v3_39\src\traditional\proc\p18F4550.asm
                    TRISC   0x000f94       data     extern C:\MCC18\v3_39\src\traditional\proc\p18F4550.asm
                    TRISD   0x000f95       data     extern C:\MCC18\v3_39\src\traditional\proc\p18F4550.asm
                     DDRD   0x000f95       data     extern C:\MCC18\v3_39\src\traditional\proc\p18F4550.asm
                 DDRDbits   0x000f95       data     extern C:\MCC18\v3_39\src\traditional\proc\p18F4550.asm
                TRISDbits   0x000f95       data     extern C:\MCC18\v3_39\src\traditional\proc\p18F4550.asm
                 DDREbits   0x000f96       data     extern C:\MCC18\v3_39\src\traditional\proc\p18F4550.asm
                     DDRE   0x000f96       data     extern C:\MCC18\v3_39\src\traditional\proc\p18F4550.asm
                TRISEbits   0x000f96       data     extern C:\MCC18\v3_39\src\traditional\proc\p18F4550.asm
                    TRISE   0x000f96       data     extern C:\MCC18\v3_39\src\traditional\proc\p18F4550.asm
              OSCTUNEbits   0x000f9b       data     extern C:\MCC18\v3_39\src\traditional\proc\p18F4550.asm
                  OSCTUNE   0x000f9b       data     extern C:\MCC18\v3_39\src\traditional\proc\p18F4550.asm
                     PIE1   0x000f9d       data     extern C:\MCC18\v3_39\src\traditional\proc\p18F4550.asm
                 PIE1bits   0x000f9d       data     extern C:\MCC18\v3_39\src\traditional\proc\p18F4550.asm
                     PIR1   0x000f9e       data     extern C:\MCC18\v3_39\src\traditional\proc\p18F4550.asm
                 PIR1bits   0x000f9e       data     extern C:\MCC18\v3_39\src\traditional\proc\p18F4550.asm
                 IPR1bits   0x000f9f       data     extern C:\MCC18\v3_39\src\traditional\proc\p18F4550.asm
                     IPR1   0x000f9f       data     extern C:\MCC18\v3_39\src\traditional\proc\p18F4550.asm
                     PIE2   0x000fa0       data     extern C:\MCC18\v3_39\src\traditional\proc\p18F4550.asm
                 PIE2bits   0x000fa0       data     extern C:\MCC18\v3_39\src\traditional\proc\p18F4550.asm
                     PIR2   0x000fa1       data     extern C:\MCC18\v3_39\src\traditional\proc\p18F4550.asm
                 PIR2bits   0x000fa1       data     extern C:\MCC18\v3_39\src\traditional\proc\p18F4550.asm
                 IPR2bits   0x000fa2       data     extern C:\MCC18\v3_39\src\traditional\proc\p18F4550.asm
                     IPR2   0x000fa2       data     extern C:\MCC18\v3_39\src\traditional\proc\p18F4550.asm
                   EECON1   0x000fa6       data     extern C:\MCC18\v3_39\src\traditional\proc\p18F4550.asm
               EECON1bits   0x000fa6       data     extern C:\MCC18\v3_39\src\traditional\proc\p18F4550.asm
                   EECON2   0x000fa7       data     extern C:\MCC18\v3_39\src\traditional\proc\p18F4550.asm
                   EEDATA   0x000fa8       data     extern C:\MCC18\v3_39\src\traditional\proc\p18F4550.asm
                    EEADR   0x000fa9       data     extern C:\MCC18\v3_39\src\traditional\proc\p18F4550.asm
                RCSTAbits   0x000fab       data     extern C:\MCC18\v3_39\src\traditional\proc\p18F4550.asm
                    RCSTA   0x000fab       data     extern C:\MCC18\v3_39\src\traditional\proc\p18F4550.asm
                TXSTAbits   0x000fac       data     extern C:\MCC18\v3_39\src\traditional\proc\p18F4550.asm
                    TXSTA   0x000fac       data     extern C:\MCC18\v3_39\src\traditional\proc\p18F4550.asm
                    TXREG   0x000fad       data     extern C:\MCC18\v3_39\src\traditional\proc\p18F4550.asm
                    RCREG   0x000fae       data     extern C:\MCC18\v3_39\src\traditional\proc\p18F4550.asm
                    SPBRG   0x000faf       data     extern C:\MCC18\v3_39\src\traditional\proc\p18F4550.asm
                   SPBRGH   0x000fb0       data     extern C:\MCC18\v3_39\src\traditional\proc\p18F4550.asm
                    T3CON   0x000fb1       data     extern C:\MCC18\v3_39\src\traditional\proc\p18F4550.asm
                T3CONbits   0x000fb1       data     extern C:\MCC18\v3_39\src\traditional\proc\p18F4550.asm
                    TMR3L   0x000fb2       data     extern C:\MCC18\v3_39\src\traditional\proc\p18F4550.asm
                    TMR3H   0x000fb3       data     extern C:\MCC18\v3_39\src\traditional\proc\p18F4550.asm
                    CMCON   0x000fb4       data     extern C:\MCC18\v3_39\src\traditional\proc\p18F4550.asm
                CMCONbits   0x000fb4       data     extern C:\MCC18\v3_39\src\traditional\proc\p18F4550.asm
                   CVRCON   0x000fb5       data     extern C:\MCC18\v3_39\src\traditional\proc\p18F4550.asm
               CVRCONbits   0x000fb5       data     extern C:\MCC18\v3_39\src\traditional\proc\p18F4550.asm
                  ECCP1AS   0x000fb6       data     extern C:\MCC18\v3_39\src\traditional\proc\p18F4550.asm
              ECCP1ASbits   0x000fb6       data     extern C:\MCC18\v3_39\src\traditional\proc\p18F4550.asm
               CCP1ASbits   0x000fb6       data     extern C:\MCC18\v3_39\src\traditional\proc\p18F4550.asm
                   CCP1AS   0x000fb6       data     extern C:\MCC18\v3_39\src\traditional\proc\p18F4550.asm
             ECCP1DELbits   0x000fb7       data     extern C:\MCC18\v3_39\src\traditional\proc\p18F4550.asm
                 ECCP1DEL   0x000fb7       data     extern C:\MCC18\v3_39\src\traditional\proc\p18F4550.asm
              CCP1DELbits   0x000fb7       data     extern C:\MCC18\v3_39\src\traditional\proc\p18F4550.asm
                  CCP1DEL   0x000fb7       data     extern C:\MCC18\v3_39\src\traditional\proc\p18F4550.asm
              BAUDCTLbits   0x000fb8       data     extern C:\MCC18\v3_39\src\traditional\proc\p18F4550.asm
                  BAUDCTL   0x000fb8       data     extern C:\MCC18\v3_39\src\traditional\proc\p18F4550.asm
              BAUDCONbits   0x000fb8       data     extern C:\MCC18\v3_39\src\traditional\proc\p18F4550.asm
                  BAUDCON   0x000fb8       data     extern C:\MCC18\v3_39\src\traditional\proc\p18F4550.asm
              CCP2CONbits   0x000fba       data     extern C:\MCC18\v3_39\src\traditional\proc\p18F4550.asm
                  CCP2CON   0x000fba       data     extern C:\MCC18\v3_39\src\traditional\proc\p18F4550.asm
                    CCPR2   0x000fbb       data     extern C:\MCC18\v3_39\src\traditional\proc\p18F4550.asm
                   CCPR2L   0x000fbb       data     extern C:\MCC18\v3_39\src\traditional\proc\p18F4550.asm
                   CCPR2H   0x000fbc       data     extern C:\MCC18\v3_39\src\traditional\proc\p18F4550.asm
             ECCP1CONbits   0x000fbd       data     extern C:\MCC18\v3_39\src\traditional\proc\p18F4550.asm
                 ECCP1CON   0x000fbd       data     extern C:\MCC18\v3_39\src\traditional\proc\p18F4550.asm
              CCP1CONbits   0x000fbd       data     extern C:\MCC18\v3_39\src\traditional\proc\p18F4550.asm
                  CCP1CON   0x000fbd       data     extern C:\MCC18\v3_39\src\traditional\proc\p18F4550.asm
                    CCPR1   0x000fbe       data     extern C:\MCC18\v3_39\src\traditional\proc\p18F4550.asm
                   CCPR1L   0x000fbe       data     extern C:\MCC18\v3_39\src\traditional\proc\p18F4550.asm
                   CCPR1H   0x000fbf       data     extern C:\MCC18\v3_39\src\traditional\proc\p18F4550.asm
               ADCON2bits   0x000fc0       data     extern C:\MCC18\v3_39\src\traditional\proc\p18F4550.asm
                   ADCON2   0x000fc0       data     extern C:\MCC18\v3_39\src\traditional\proc\p18F4550.asm
               ADCON1bits   0x000fc1       data     extern C:\MCC18\v3_39\src\traditional\proc\p18F4550.asm
                   ADCON1   0x000fc1       data     extern C:\MCC18\v3_39\src\traditional\proc\p18F4550.asm
                   ADCON0   0x000fc2       data     extern C:\MCC18\v3_39\src\traditional\proc\p18F4550.asm
               ADCON0bits   0x000fc2       data     extern C:\MCC18\v3_39\src\traditional\proc\p18F4550.asm
                    ADRES   0x000fc3       data     extern C:\MCC18\v3_39\src\traditional\proc\p18F4550.asm
                   ADRESL   0x000fc3       data     extern C:\MCC18\v3_39\src\traditional\proc\p18F4550.asm
                   ADRESH   0x000fc4       data     extern C:\MCC18\v3_39\src\traditional\proc\p18F4550.asm
                  SSPCON2   0x000fc5       data     extern C:\MCC18\v3_39\src\traditional\proc\p18F4550.asm
              SSPCON2bits   0x000fc5       data     extern C:\MCC18\v3_39\src\traditional\proc\p18F4550.asm
              SSPCON1bits   0x000fc6       data     extern C:\MCC18\v3_39\src\traditional\proc\p18F4550.asm
                  SSPCON1   0x000fc6       data     extern C:\MCC18\v3_39\src\traditional\proc\p18F4550.asm
                  SSPSTAT   0x000fc7       data     extern C:\MCC18\v3_39\src\traditional\proc\p18F4550.asm
              SSPSTATbits   0x000fc7       data     extern C:\MCC18\v3_39\src\traditional\proc\p18F4550.asm
                   SSPADD   0x000fc8       data     extern C:\MCC18\v3_39\src\traditional\proc\p18F4550.asm
                   SSPBUF   0x000fc9       data     extern C:\MCC18\v3_39\src\traditional\proc\p18F4550.asm
                    T2CON   0x000fca       data     extern C:\MCC18\v3_39\src\traditional\proc\p18F4550.asm
                T2CONbits   0x000fca       data     extern C:\MCC18\v3_39\src\traditional\proc\p18F4550.asm
                      PR2   0x000fcb       data     extern C:\MCC18\v3_39\src\traditional\proc\p18F4550.asm
                     TMR2   0x000fcc       data     extern C:\MCC18\v3_39\src\traditional\proc\p18F4550.asm
                T1CONbits   0x000fcd       data     extern C:\MCC18\v3_39\src\traditional\proc\p18F4550.asm
                    T1CON   0x000fcd       data     extern C:\MCC18\v3_39\src\traditional\proc\p18F4550.asm
                    TMR1L   0x000fce       data     extern C:\MCC18\v3_39\src\traditional\proc\p18F4550.asm
                    TMR1H   0x000fcf       data     extern C:\MCC18\v3_39\src\traditional\proc\p18F4550.asm
                     RCON   0x000fd0       data     extern C:\MCC18\v3_39\src\traditional\proc\p18F4550.asm
                 RCONbits   0x000fd0       data     extern C:\MCC18\v3_39\src\traditional\proc\p18F4550.asm
                   WDTCON   0x000fd1       data     extern C:\MCC18\v3_39\src\traditional\proc\p18F4550.asm
               WDTCONbits   0x000fd1       data     extern C:\MCC18\v3_39\src\traditional\proc\p18F4550.asm
              HLVDCONbits   0x000fd2       data     extern C:\MCC18\v3_39\src\traditional\proc\p18F4550.asm
                   LVDCON   0x000fd2       data     extern C:\MCC18\v3_39\src\traditional\proc\p18F4550.asm
                  HLVDCON   0x000fd2       data     extern C:\MCC18\v3_39\src\traditional\proc\p18F4550.asm
               LVDCONbits   0x000fd2       data     extern C:\MCC18\v3_39\src\traditional\proc\p18F4550.asm
                   OSCCON   0x000fd3       data     extern C:\MCC18\v3_39\src\traditional\proc\p18F4550.asm
               OSCCONbits   0x000fd3       data     extern C:\MCC18\v3_39\src\traditional\proc\p18F4550.asm
                T0CONbits   0x000fd5       data     extern C:\MCC18\v3_39\src\traditional\proc\p18F4550.asm
                    T0CON   0x000fd5       data     extern C:\MCC18\v3_39\src\traditional\proc\p18F4550.asm
                    TMR0L   0x000fd6       data     extern C:\MCC18\v3_39\src\traditional\proc\p18F4550.asm
                    TMR0H   0x000fd7       data     extern C:\MCC18\v3_39\src\traditional\proc\p18F4550.asm
                   STATUS   0x000fd8       data     extern C:\MCC18\v3_39\src\traditional\proc\p18F4550.asm
               STATUSbits   0x000fd8       data     extern C:\MCC18\v3_39\src\traditional\proc\p18F4550.asm
                    FSR2L   0x000fd9       data     extern C:\MCC18\v3_39\src\traditional\proc\p18F4550.asm
                     FSR2   0x000fd9       data     extern C:\MCC18\v3_39\src\traditional\proc\p18F4550.asm
                    FSR2H   0x000fda       data     extern C:\MCC18\v3_39\src\traditional\proc\p18F4550.asm
                   PLUSW2   0x000fdb       data     extern C:\MCC18\v3_39\src\traditional\proc\p18F4550.asm
                  PREINC2   0x000fdc       data     extern C:\MCC18\v3_39\src\traditional\proc\p18F4550.asm
                 POSTDEC2   0x000fdd       data     extern C:\MCC18\v3_39\src\traditional\proc\p18F4550.asm
                 POSTINC2   0x000fde       data     extern C:\MCC18\v3_39\src\traditional\proc\p18F4550.asm
                    INDF2   0x000fdf       data     extern C:\MCC18\v3_39\src\traditional\proc\p18F4550.asm
                      BSR   0x000fe0       data     extern C:\MCC18\v3_39\src\traditional\proc\p18F4550.asm
                     FSR1   0x000fe1       data     extern C:\MCC18\v3_39\src\traditional\proc\p18F4550.asm
                    FSR1L   0x000fe1       data     extern C:\MCC18\v3_39\src\traditional\proc\p18F4550.asm
                    FSR1H   0x000fe2       data     extern C:\MCC18\v3_39\src\traditional\proc\p18F4550.asm
                   PLUSW1   0x000fe3       data     extern C:\MCC18\v3_39\src\traditional\proc\p18F4550.asm
                  PREINC1   0x000fe4       data     extern C:\MCC18\v3_39\src\traditional\proc\p18F4550.asm
                 POSTDEC1   0x000fe5       data     extern C:\MCC18\v3_39\src\traditional\proc\p18F4550.asm
                 POSTINC1   0x000fe6       data     extern C:\MCC18\v3_39\src\traditional\proc\p18F4550.asm
                    INDF1   0x000fe7       data     extern C:\MCC18\v3_39\src\traditional\proc\p18F4550.asm
                     WREG   0x000fe8       data     extern C:\MCC18\v3_39\src\traditional\proc\p18F4550.asm
                    FSR0L   0x000fe9       data     extern C:\MCC18\v3_39\src\traditional\proc\p18F4550.asm
                     FSR0   0x000fe9       data     extern C:\MCC18\v3_39\src\traditional\proc\p18F4550.asm
                    FSR0H   0x000fea       data     extern C:\MCC18\v3_39\src\traditional\proc\p18F4550.asm
                   PLUSW0   0x000feb       data     extern C:\MCC18\v3_39\src\traditional\proc\p18F4550.asm
                  PREINC0   0x000fec       data     extern C:\MCC18\v3_39\src\traditional\proc\p18F4550.asm
                 POSTDEC0   0x000fed       data     extern C:\MCC18\v3_39\src\traditional\proc\p18F4550.asm
                 POSTINC0   0x000fee       data     extern C:\MCC18\v3_39\src\traditional\proc\p18F4550.asm
                    INDF0   0x000fef       data     extern C:\MCC18\v3_39\src\traditional\proc\p18F4550.asm
              INTCON3bits   0x000ff0       data     extern C:\MCC18\v3_39\src\traditional\proc\p18F4550.asm
                  INTCON3   0x000ff0       data     extern C:\MCC18\v3_39\src\traditional\proc\p18F4550.asm
                  INTCON2   0x000ff1       data     extern C:\MCC18\v3_39\src\traditional\proc\p18F4550.asm
              INTCON2bits   0x000ff1       data     extern C:\MCC18\v3_39\src\traditional\proc\p18F4550.asm
               INTCONbits   0x000ff2       data     extern C:\MCC18\v3_39\src\traditional\proc\p18F4550.asm
                   INTCON   0x000ff2       data     extern C:\MCC18\v3_39\src\traditional\proc\p18F4550.asm
                     PROD   0x000ff3       data     extern C:\MCC18\v3_39\src\traditional\proc\p18F4550.asm
                    PRODL   0x000ff3       data     extern C:\MCC18\v3_39\src\traditional\proc\p18F4550.asm
                    PRODH   0x000ff4       data     extern C:\MCC18\v3_39\src\traditional\proc\p18F4550.asm
                   TABLAT   0x000ff5       data     extern C:\MCC18\v3_39\src\traditional\proc\p18F4550.asm
                  TBLPTRL   0x000ff6       data     extern C:\MCC18\v3_39\src\traditional\proc\p18F4550.asm
                   TBLPTR   0x000ff6       data     extern C:\MCC18\v3_39\src\traditional\proc\p18F4550.asm
                  TBLPTRH   0x000ff7       data     extern C:\MCC18\v3_39\src\traditional\proc\p18F4550.asm
                  TBLPTRU   0x000ff8       data     extern C:\MCC18\v3_39\src\traditional\proc\p18F4550.asm
                       PC   0x000ff9       data     extern C:\MCC18\v3_39\src\traditional\proc\p18F4550.asm
                      PCL   0x000ff9       data     extern C:\MCC18\v3_39\src\traditional\proc\p18F4550.asm
                   PCLATH   0x000ffa       data     extern C:\MCC18\v3_39\src\traditional\proc\p18F4550.asm
                   PCLATU   0x000ffb       data     extern C:\MCC18\v3_39\src\traditional\proc\p18F4550.asm
               STKPTRbits   0x000ffc       data     extern C:\MCC18\v3_39\src\traditional\proc\p18F4550.asm
                   STKPTR   0x000ffc       data     extern C:\MCC18\v3_39\src\traditional\proc\p18F4550.asm
                      TOS   0x000ffd       data     extern C:\MCC18\v3_39\src\traditional\proc\p18F4550.asm
                     TOSL   0x000ffd       data     extern C:\MCC18\v3_39\src\traditional\proc\p18F4550.asm
                     TOSH   0x000ffe       data     extern C:\MCC18\v3_39\src\traditional\proc\p18F4550.asm
                     TOSU   0x000fff       data     extern C:\MCC18\v3_39\src\traditional\proc\p18F4550.asm


